INITIAL: {'part1': (4, 9), 'part2': (3, 10), 'part3': (5, 10), 'part4': (10, 6), 'part5': (2, 2), 'part6': (6, 2), 'part7': (7, 7), 'part8': (4, 2), 'part9': (5, 3), 'part10': (8, 2), 'part11': (10, 5), 'part12': (7, 3), 'part13': (7, 9), 'part14': (3, 5), 'part15': (5, 2), 'part16': (9, 3), 'part17': (10, 4), 'part18': (9, 6), 'part19': (1, 4), 'part20': (2, 3)} 
NEW: {'part1': (4, 9), 'part2': (3, 10), 'part3': (5, 10), 'part4': (10, 6), 'part5': (2, 2), 'part6': (6, 2), 'part7': (7, 7), 'part8': (4, 2), 'part9': (5, 3), 'part10': (8, 2), 'part11': (10, 5), 'part12': (7, 3), 'part13': (7, 9), 'part14': (3, 5), 'part15': (5, 2), 'part16': (9, 3), 'part17': (3, 9), 'part18': (9, 6), 'part19': (1, 4), 'part20': (2, 3)} 
ENERGY: -10.525434764377223 
JUMP? True 
SHOOK: {'part1': (3, 4), 'part2': (4, 3), 'part3': (3, 1), 'part4': (5, 4), 'part5': (9, 2), 'part6': (6, 8), 'part7': (4, 2), 'part8': (4, 5), 'part9': (3, 3), 'part10': (3, 9), 'part11': (8, 2), 'part12': (6, 1), 'part13': (6, 7), 'part14': (3, 2), 'part15': (3, 8), 'part16': (8, 7), 'part17': (1, 1), 'part18': (9, 6), 'part19': (8, 10), 'part20': (7, 5)} 
ENERGY: -11.350873226427238 
ACCEPT SHOOK? True 
NEW: {'part1': (3, 4), 'part2': (4, 3), 'part3': (3, 1), 'part4': (5, 4), 'part5': (9, 2), 'part6': (6, 8), 'part7': (4, 2), 'part8': (4, 5), 'part9': (3, 3), 'part10': (3, 9), 'part11': (8, 2), 'part12': (6, 1), 'part13': (6, 7), 'part14': (3, 2), 'part15': (3, 8), 'part16': (8, 7), 'part17': (1, 4), 'part18': (9, 6), 'part19': (8, 10), 'part20': (7, 5)} 
ENERGY: -11.353440334620348 
JUMP? True 
NEW: {'part1': (3, 4), 'part2': (4, 3), 'part3': (3, 1), 'part4': (5, 4), 'part5': (9, 2), 'part6': (6, 8), 'part7': (4, 2), 'part8': (4, 5), 'part9': (3, 3), 'part10': (3, 9), 'part11': (8, 2), 'part12': (6, 1), 'part13': (6, 7), 'part14': (3, 2), 'part15': (3, 8), 'part16': (8, 7), 'part17': (1, 4), 'part18': (9, 6), 'part19': (8, 10), 'part20': (2, 2)} 
ENERGY: -12.829166856375952 
JUMP? True 
NEW: {'part1': (9, 5), 'part2': (4, 3), 'part3': (3, 1), 'part4': (5, 4), 'part5': (9, 2), 'part6': (6, 8), 'part7': (4, 2), 'part8': (4, 5), 'part9': (3, 3), 'part10': (3, 9), 'part11': (8, 2), 'part12': (6, 1), 'part13': (6, 7), 'part14': (3, 2), 'part15': (3, 8), 'part16': (8, 7), 'part17': (1, 4), 'part18': (9, 6), 'part19': (8, 10), 'part20': (2, 2)} 
ENERGY: -12.254110890299094 
JUMP? False 
NEW: {'part1': (3, 4), 'part2': (4, 3), 'part3': (3, 1), 'part4': (5, 4), 'part5': (9, 2), 'part6': (6, 8), 'part7': (10, 6), 'part8': (4, 5), 'part9': (3, 3), 'part10': (3, 9), 'part11': (8, 2), 'part12': (6, 1), 'part13': (6, 7), 'part14': (3, 2), 'part15': (3, 8), 'part16': (8, 7), 'part17': (1, 4), 'part18': (9, 6), 'part19': (8, 10), 'part20': (2, 2)} 
ENERGY: -11.294842657425 
JUMP? False 
NEW: {'part1': (3, 4), 'part2': (4, 3), 'part3': (3, 1), 'part4': (5, 4), 'part5': (9, 2), 'part6': (6, 8), 'part7': (4, 2), 'part8': (10, 5), 'part9': (3, 3), 'part10': (3, 9), 'part11': (8, 2), 'part12': (6, 1), 'part13': (6, 7), 'part14': (3, 2), 'part15': (3, 8), 'part16': (8, 7), 'part17': (1, 4), 'part18': (9, 6), 'part19': (8, 10), 'part20': (2, 2)} 
ENERGY: -12.539325280935353 
JUMP? False 
NEW: {'part1': (3, 4), 'part2': (4, 3), 'part3': (3, 1), 'part4': (5, 4), 'part5': (9, 2), 'part6': (6, 8), 'part7': (4, 2), 'part8': (4, 5), 'part9': (3, 3), 'part10': (3, 9), 'part11': (10, 1), 'part12': (6, 1), 'part13': (6, 7), 'part14': (3, 2), 'part15': (3, 8), 'part16': (8, 7), 'part17': (1, 4), 'part18': (9, 6), 'part19': (8, 10), 'part20': (2, 2)} 
ENERGY: -12.045373397645143 
JUMP? False 
NEW: {'part1': (3, 4), 'part2': (4, 3), 'part3': (3, 1), 'part4': (5, 4), 'part5': (9, 2), 'part6': (6, 8), 'part7': (4, 2), 'part8': (4, 5), 'part9': (3, 3), 'part10': (3, 9), 'part11': (8, 2), 'part12': (6, 1), 'part13': (6, 7), 'part14': (3, 2), 'part15': (3, 8), 'part16': (5, 10), 'part17': (1, 4), 'part18': (9, 6), 'part19': (8, 10), 'part20': (2, 2)} 
ENERGY: -12.58467476621325 
JUMP? False 
NEW: {'part1': (3, 4), 'part2': (4, 3), 'part3': (3, 1), 'part4': (5, 4), 'part5': (9, 2), 'part6': (6, 8), 'part7': (4, 2), 'part8': (4, 5), 'part9': (3, 3), 'part10': (3, 9), 'part11': (1, 8), 'part12': (6, 1), 'part13': (6, 7), 'part14': (3, 2), 'part15': (3, 8), 'part16': (8, 7), 'part17': (1, 4), 'part18': (9, 6), 'part19': (8, 10), 'part20': (2, 2)} 
ENERGY: -11.858741508587846 
JUMP? False 
NEW: {'part1': (3, 4), 'part2': (4, 3), 'part3': (3, 1), 'part4': (5, 4), 'part5': (9, 2), 'part6': (6, 8), 'part7': (4, 2), 'part8': (4, 5), 'part9': (3, 3), 'part10': (3, 9), 'part11': (8, 9), 'part12': (6, 1), 'part13': (6, 7), 'part14': (3, 2), 'part15': (3, 8), 'part16': (8, 7), 'part17': (1, 4), 'part18': (9, 6), 'part19': (8, 10), 'part20': (2, 2)} 
ENERGY: -12.863415635886621 
JUMP? True 
NEW: {'part1': (3, 4), 'part2': (4, 3), 'part3': (3, 1), 'part4': (5, 4), 'part5': (9, 2), 'part6': (6, 8), 'part7': (4, 2), 'part8': (4, 5), 'part9': (3, 3), 'part10': (3, 9), 'part11': (8, 9), 'part12': (6, 1), 'part13': (6, 7), 'part14': (3, 2), 'part15': (3, 8), 'part16': (8, 7), 'part17': (1, 4), 'part18': (9, 6), 'part19': (10, 7), 'part20': (2, 2)} 
ENERGY: -12.125635373416287 
JUMP? False 
NEW: {'part1': (3, 4), 'part2': (4, 3), 'part3': (3, 1), 'part4': (5, 4), 'part5': (9, 2), 'part6': (2, 7), 'part7': (4, 2), 'part8': (4, 5), 'part9': (3, 3), 'part10': (3, 9), 'part11': (8, 9), 'part12': (6, 1), 'part13': (6, 7), 'part14': (3, 2), 'part15': (3, 8), 'part16': (8, 7), 'part17': (1, 4), 'part18': (9, 6), 'part19': (8, 10), 'part20': (2, 2)} 
ENERGY: -12.08046125078895 
JUMP? False 
NEW: {'part1': (3, 4), 'part2': (4, 3), 'part3': (3, 1), 'part4': (5, 4), 'part5': (9, 2), 'part6': (6, 8), 'part7': (4, 2), 'part8': (4, 5), 'part9': (3, 3), 'part10': (3, 9), 'part11': (8, 9), 'part12': (6, 1), 'part13': (6, 7), 'part14': (3, 2), 'part15': (3, 8), 'part16': (8, 7), 'part17': (1, 4), 'part18': (9, 6), 'part19': (5, 8), 'part20': (2, 2)} 
ENERGY: -13.14385814217071 
JUMP? True 
NEW: {'part1': (3, 4), 'part2': (4, 3), 'part3': (3, 1), 'part4': (5, 4), 'part5': (9, 2), 'part6': (6, 8), 'part7': (4, 2), 'part8': (4, 5), 'part9': (3, 3), 'part10': (3, 9), 'part11': (8, 9), 'part12': (6, 1), 'part13': (6, 7), 'part14': (3, 2), 'part15': (3, 8), 'part16': (8, 7), 'part17': (7, 3), 'part18': (9, 6), 'part19': (5, 8), 'part20': (2, 2)} 
ENERGY: -13.127347159647565 
JUMP? False 
NEW: {'part1': (3, 4), 'part2': (4, 3), 'part3': (3, 1), 'part4': (5, 4), 'part5': (9, 2), 'part6': (6, 4), 'part7': (4, 2), 'part8': (4, 5), 'part9': (3, 3), 'part10': (3, 9), 'part11': (8, 9), 'part12': (6, 1), 'part13': (6, 7), 'part14': (3, 2), 'part15': (3, 8), 'part16': (8, 7), 'part17': (1, 4), 'part18': (9, 6), 'part19': (5, 8), 'part20': (2, 2)} 
ENERGY: -12.155639303700026 
JUMP? False 
NEW: {'part1': (3, 4), 'part2': (4, 3), 'part3': (3, 1), 'part4': (5, 4), 'part5': (9, 2), 'part6': (6, 8), 'part7': (4, 2), 'part8': (4, 5), 'part9': (3, 3), 'part10': (3, 9), 'part11': (8, 9), 'part12': (6, 1), 'part13': (6, 7), 'part14': (3, 2), 'part15': (3, 8), 'part16': (7, 6), 'part17': (1, 4), 'part18': (9, 6), 'part19': (5, 8), 'part20': (2, 2)} 
ENERGY: -13.12324952261904 
JUMP? False 
NEW: {'part1': (3, 4), 'part2': (4, 3), 'part3': (3, 1), 'part4': (5, 4), 'part5': (9, 2), 'part6': (6, 8), 'part7': (4, 2), 'part8': (4, 5), 'part9': (3, 3), 'part10': (3, 9), 'part11': (8, 9), 'part12': (6, 1), 'part13': (6, 7), 'part14': (3, 2), 'part15': (3, 8), 'part16': (8, 7), 'part17': (10, 9), 'part18': (9, 6), 'part19': (5, 8), 'part20': (2, 2)} 
ENERGY: -13.108002534484736 
JUMP? False 
NEW: {'part1': (3, 4), 'part2': (4, 3), 'part3': (3, 1), 'part4': (5, 4), 'part5': (9, 2), 'part6': (6, 8), 'part7': (4, 2), 'part8': (4, 5), 'part9': (3, 3), 'part10': (3, 9), 'part11': (8, 9), 'part12': (7, 10), 'part13': (6, 7), 'part14': (3, 2), 'part15': (3, 8), 'part16': (8, 7), 'part17': (1, 4), 'part18': (9, 6), 'part19': (5, 8), 'part20': (2, 2)} 
ENERGY: -13.372398945635673 
JUMP? True 
NEW: {'part1': (3, 4), 'part2': (4, 3), 'part3': (3, 1), 'part4': (5, 4), 'part5': (9, 2), 'part6': (6, 8), 'part7': (4, 2), 'part8': (4, 5), 'part9': (3, 3), 'part10': (3, 9), 'part11': (8, 9), 'part12': (10, 2), 'part13': (6, 7), 'part14': (3, 2), 'part15': (3, 8), 'part16': (8, 7), 'part17': (1, 4), 'part18': (9, 6), 'part19': (5, 8), 'part20': (2, 2)} 
ENERGY: -14.113959886246914 
JUMP? True 
NEW: {'part1': (3, 4), 'part2': (4, 3), 'part3': (3, 1), 'part4': (5, 4), 'part5': (9, 2), 'part6': (6, 8), 'part7': (4, 2), 'part8': (4, 5), 'part9': (3, 3), 'part10': (8, 5), 'part11': (8, 9), 'part12': (10, 2), 'part13': (6, 7), 'part14': (3, 2), 'part15': (3, 8), 'part16': (8, 7), 'part17': (1, 4), 'part18': (9, 6), 'part19': (5, 8), 'part20': (2, 2)} 
ENERGY: -13.371203270711408 
JUMP? False 
NEW: {'part1': (7, 2), 'part2': (4, 3), 'part3': (3, 1), 'part4': (5, 4), 'part5': (9, 2), 'part6': (6, 8), 'part7': (4, 2), 'part8': (4, 5), 'part9': (3, 3), 'part10': (3, 9), 'part11': (8, 9), 'part12': (10, 2), 'part13': (6, 7), 'part14': (3, 2), 'part15': (3, 8), 'part16': (8, 7), 'part17': (1, 4), 'part18': (9, 6), 'part19': (5, 8), 'part20': (2, 2)} 
ENERGY: -12.560878552125102 
JUMP? False 
NEW: {'part1': (3, 4), 'part2': (4, 3), 'part3': (1, 1), 'part4': (5, 4), 'part5': (9, 2), 'part6': (6, 8), 'part7': (4, 2), 'part8': (4, 5), 'part9': (3, 3), 'part10': (3, 9), 'part11': (8, 9), 'part12': (10, 2), 'part13': (6, 7), 'part14': (3, 2), 'part15': (3, 8), 'part16': (8, 7), 'part17': (1, 4), 'part18': (9, 6), 'part19': (5, 8), 'part20': (2, 2)} 
ENERGY: -12.85424195841366 
JUMP? False 
NEW: {'part1': (3, 4), 'part2': (4, 3), 'part3': (3, 1), 'part4': (5, 4), 'part5': (9, 2), 'part6': (6, 8), 'part7': (4, 2), 'part8': (4, 5), 'part9': (3, 3), 'part10': (4, 6), 'part11': (8, 9), 'part12': (10, 2), 'part13': (6, 7), 'part14': (3, 2), 'part15': (3, 8), 'part16': (8, 7), 'part17': (1, 4), 'part18': (9, 6), 'part19': (5, 8), 'part20': (2, 2)} 
ENERGY: -14.18523802124489 
JUMP? True 
NEW: {'part1': (3, 4), 'part2': (4, 3), 'part3': (3, 1), 'part4': (5, 4), 'part5': (9, 2), 'part6': (6, 8), 'part7': (4, 2), 'part8': (4, 5), 'part9': (3, 3), 'part10': (4, 6), 'part11': (8, 9), 'part12': (10, 2), 'part13': (6, 7), 'part14': (1, 3), 'part15': (3, 8), 'part16': (8, 7), 'part17': (1, 4), 'part18': (9, 6), 'part19': (5, 8), 'part20': (2, 2)} 
ENERGY: -11.201206905604336 
JUMP? False 
NEW: {'part1': (3, 4), 'part2': (4, 3), 'part3': (3, 1), 'part4': (5, 4), 'part5': (9, 2), 'part6': (6, 8), 'part7': (4, 2), 'part8': (4, 5), 'part9': (3, 3), 'part10': (4, 6), 'part11': (8, 9), 'part12': (10, 2), 'part13': (6, 7), 'part14': (4, 10), 'part15': (3, 8), 'part16': (8, 7), 'part17': (1, 4), 'part18': (9, 6), 'part19': (5, 8), 'part20': (2, 2)} 
ENERGY: -9.9474250574799 
JUMP? False 
NEW: {'part1': (3, 4), 'part2': (4, 3), 'part3': (3, 1), 'part4': (5, 4), 'part5': (9, 2), 'part6': (6, 8), 'part7': (4, 2), 'part8': (4, 5), 'part9': (3, 3), 'part10': (4, 6), 'part11': (8, 9), 'part12': (10, 2), 'part13': (6, 7), 'part14': (5, 1), 'part15': (3, 8), 'part16': (8, 7), 'part17': (1, 4), 'part18': (9, 6), 'part19': (5, 8), 'part20': (2, 2)} 
ENERGY: -10.201586009412951 
JUMP? False 
NEW: {'part1': (3, 4), 'part2': (1, 8), 'part3': (3, 1), 'part4': (5, 4), 'part5': (9, 2), 'part6': (6, 8), 'part7': (4, 2), 'part8': (4, 5), 'part9': (3, 3), 'part10': (4, 6), 'part11': (8, 9), 'part12': (10, 2), 'part13': (6, 7), 'part14': (3, 2), 'part15': (3, 8), 'part16': (8, 7), 'part17': (1, 4), 'part18': (9, 6), 'part19': (5, 8), 'part20': (2, 2)} 
ENERGY: -11.44767213366489 
JUMP? False 
NEW: {'part1': (3, 4), 'part2': (4, 3), 'part3': (3, 1), 'part4': (5, 4), 'part5': (9, 2), 'part6': (6, 8), 'part7': (4, 2), 'part8': (4, 5), 'part9': (3, 3), 'part10': (4, 6), 'part11': (8, 9), 'part12': (10, 2), 'part13': (8, 5), 'part14': (3, 2), 'part15': (3, 8), 'part16': (8, 7), 'part17': (1, 4), 'part18': (9, 6), 'part19': (5, 8), 'part20': (2, 2)} 
ENERGY: -13.162751728348157 
JUMP? False 
NEW: {'part1': (3, 4), 'part2': (4, 3), 'part3': (3, 1), 'part4': (5, 4), 'part5': (9, 2), 'part6': (6, 8), 'part7': (4, 2), 'part8': (4, 5), 'part9': (3, 3), 'part10': (4, 6), 'part11': (8, 9), 'part12': (10, 2), 'part13': (6, 7), 'part14': (3, 2), 'part15': (3, 8), 'part16': (8, 7), 'part17': (5, 5), 'part18': (9, 6), 'part19': (5, 8), 'part20': (2, 2)} 
ENERGY: -16.4076816586808 
JUMP? True 
NEW: {'part1': (3, 4), 'part2': (4, 3), 'part3': (3, 1), 'part4': (5, 4), 'part5': (9, 2), 'part6': (6, 8), 'part7': (4, 2), 'part8': (6, 5), 'part9': (3, 3), 'part10': (4, 6), 'part11': (8, 9), 'part12': (10, 2), 'part13': (6, 7), 'part14': (3, 2), 'part15': (3, 8), 'part16': (8, 7), 'part17': (5, 5), 'part18': (9, 6), 'part19': (5, 8), 'part20': (2, 2)} 
ENERGY: -15.177966696821386 
JUMP? False 
NEW: {'part1': (3, 4), 'part2': (4, 3), 'part3': (3, 1), 'part4': (5, 4), 'part5': (9, 2), 'part6': (6, 8), 'part7': (4, 2), 'part8': (4, 5), 'part9': (3, 3), 'part10': (4, 6), 'part11': (8, 9), 'part12': (10, 2), 'part13': (6, 7), 'part14': (3, 2), 'part15': (3, 8), 'part16': (8, 2), 'part17': (5, 5), 'part18': (9, 6), 'part19': (5, 8), 'part20': (2, 2)} 
ENERGY: -17.125327897577932 
JUMP? True 
NEW: {'part1': (3, 4), 'part2': (4, 3), 'part3': (3, 1), 'part4': (5, 4), 'part5': (9, 2), 'part6': (6, 8), 'part7': (4, 2), 'part8': (4, 5), 'part9': (3, 3), 'part10': (4, 6), 'part11': (8, 9), 'part12': (2, 5), 'part13': (6, 7), 'part14': (3, 2), 'part15': (3, 8), 'part16': (8, 2), 'part17': (5, 5), 'part18': (9, 6), 'part19': (5, 8), 'part20': (2, 2)} 
ENERGY: -16.408261262393005 
JUMP? False 
NEW: {'part1': (3, 4), 'part2': (4, 3), 'part3': (3, 1), 'part4': (5, 4), 'part5': (4, 4), 'part6': (6, 8), 'part7': (4, 2), 'part8': (4, 5), 'part9': (3, 3), 'part10': (4, 6), 'part11': (8, 9), 'part12': (10, 2), 'part13': (6, 7), 'part14': (3, 2), 'part15': (3, 8), 'part16': (8, 2), 'part17': (5, 5), 'part18': (9, 6), 'part19': (5, 8), 'part20': (2, 2)} 
ENERGY: -19.67882810231393 
JUMP? True 
NEW: {'part1': (3, 4), 'part2': (4, 3), 'part3': (5, 1), 'part4': (5, 4), 'part5': (4, 4), 'part6': (6, 8), 'part7': (4, 2), 'part8': (4, 5), 'part9': (3, 3), 'part10': (4, 6), 'part11': (8, 9), 'part12': (10, 2), 'part13': (6, 7), 'part14': (3, 2), 'part15': (3, 8), 'part16': (8, 2), 'part17': (5, 5), 'part18': (9, 6), 'part19': (5, 8), 'part20': (2, 2)} 
ENERGY: -18.437551284580984 
JUMP? False 
NEW: {'part1': (3, 4), 'part2': (4, 3), 'part3': (3, 1), 'part4': (5, 4), 'part5': (4, 4), 'part6': (9, 3), 'part7': (4, 2), 'part8': (4, 5), 'part9': (3, 3), 'part10': (4, 6), 'part11': (8, 9), 'part12': (10, 2), 'part13': (6, 7), 'part14': (3, 2), 'part15': (3, 8), 'part16': (8, 2), 'part17': (5, 5), 'part18': (9, 6), 'part19': (5, 8), 'part20': (2, 2)} 
ENERGY: -18.12440002822317 
JUMP? False 
NEW: {'part1': (3, 4), 'part2': (4, 3), 'part3': (3, 1), 'part4': (5, 4), 'part5': (4, 4), 'part6': (6, 8), 'part7': (4, 2), 'part8': (4, 5), 'part9': (3, 3), 'part10': (2, 9), 'part11': (8, 9), 'part12': (10, 2), 'part13': (6, 7), 'part14': (3, 2), 'part15': (3, 8), 'part16': (8, 2), 'part17': (5, 5), 'part18': (9, 6), 'part19': (5, 8), 'part20': (2, 2)} 
ENERGY: -18.561371588713136 
JUMP? False 
NEW: {'part1': (3, 4), 'part2': (4, 3), 'part3': (3, 1), 'part4': (5, 4), 'part5': (4, 4), 'part6': (7, 4), 'part7': (4, 2), 'part8': (4, 5), 'part9': (3, 3), 'part10': (4, 6), 'part11': (8, 9), 'part12': (10, 2), 'part13': (6, 7), 'part14': (3, 2), 'part15': (3, 8), 'part16': (8, 2), 'part17': (5, 5), 'part18': (9, 6), 'part19': (5, 8), 'part20': (2, 2)} 
ENERGY: -17.731417184269024 
JUMP? False 
NEW: {'part1': (3, 4), 'part2': (4, 3), 'part3': (3, 1), 'part4': (5, 4), 'part5': (4, 4), 'part6': (6, 8), 'part7': (4, 2), 'part8': (4, 5), 'part9': (3, 3), 'part10': (4, 6), 'part11': (8, 9), 'part12': (10, 2), 'part13': (1, 3), 'part14': (3, 2), 'part15': (3, 8), 'part16': (8, 2), 'part17': (5, 5), 'part18': (9, 6), 'part19': (5, 8), 'part20': (2, 2)} 
ENERGY: -18.70681339901523 
JUMP? False 
NEW: {'part1': (3, 4), 'part2': (4, 3), 'part3': (3, 1), 'part4': (5, 4), 'part5': (6, 3), 'part6': (6, 8), 'part7': (4, 2), 'part8': (4, 5), 'part9': (3, 3), 'part10': (4, 6), 'part11': (8, 9), 'part12': (10, 2), 'part13': (6, 7), 'part14': (3, 2), 'part15': (3, 8), 'part16': (8, 2), 'part17': (5, 5), 'part18': (9, 6), 'part19': (5, 8), 'part20': (2, 2)} 
ENERGY: -15.451482375870505 
JUMP? False 
NEW: {'part1': (3, 4), 'part2': (4, 3), 'part3': (3, 1), 'part4': (5, 4), 'part5': (4, 4), 'part6': (6, 8), 'part7': (4, 2), 'part8': (6, 10), 'part9': (3, 3), 'part10': (4, 6), 'part11': (8, 9), 'part12': (10, 2), 'part13': (6, 7), 'part14': (3, 2), 'part15': (3, 8), 'part16': (8, 2), 'part17': (5, 5), 'part18': (9, 6), 'part19': (5, 8), 'part20': (2, 2)} 
ENERGY: -16.215108465734012 
JUMP? False 
NEW: {'part1': (3, 4), 'part2': (4, 3), 'part3': (3, 1), 'part4': (5, 4), 'part5': (4, 4), 'part6': (6, 8), 'part7': (4, 2), 'part8': (4, 5), 'part9': (3, 3), 'part10': (4, 6), 'part11': (8, 9), 'part12': (10, 2), 'part13': (6, 7), 'part14': (3, 2), 'part15': (9, 2), 'part16': (8, 2), 'part17': (5, 5), 'part18': (9, 6), 'part19': (5, 8), 'part20': (2, 2)} 
ENERGY: -21.624096471939968 
JUMP? True 
NEW: {'part1': (7, 9), 'part2': (4, 3), 'part3': (3, 1), 'part4': (5, 4), 'part5': (4, 4), 'part6': (6, 8), 'part7': (4, 2), 'part8': (4, 5), 'part9': (3, 3), 'part10': (4, 6), 'part11': (8, 9), 'part12': (10, 2), 'part13': (6, 7), 'part14': (3, 2), 'part15': (9, 2), 'part16': (8, 2), 'part17': (5, 5), 'part18': (9, 6), 'part19': (5, 8), 'part20': (2, 2)} 
ENERGY: -20.294066862403355 
JUMP? False 
NEW: {'part1': (3, 4), 'part2': (4, 3), 'part3': (3, 1), 'part4': (5, 4), 'part5': (4, 4), 'part6': (6, 8), 'part7': (4, 2), 'part8': (4, 5), 'part9': (3, 3), 'part10': (4, 6), 'part11': (8, 9), 'part12': (10, 2), 'part13': (6, 7), 'part14': (6, 10), 'part15': (9, 2), 'part16': (8, 2), 'part17': (5, 5), 'part18': (9, 6), 'part19': (5, 8), 'part20': (2, 2)} 
ENERGY: -17.40158753107712 
JUMP? False 
NEW: {'part1': (3, 4), 'part2': (4, 3), 'part3': (3, 1), 'part4': (5, 4), 'part5': (4, 4), 'part6': (6, 8), 'part7': (4, 2), 'part8': (4, 5), 'part9': (3, 3), 'part10': (4, 6), 'part11': (8, 9), 'part12': (10, 2), 'part13': (6, 7), 'part14': (3, 2), 'part15': (9, 2), 'part16': (8, 2), 'part17': (5, 5), 'part18': (1, 2), 'part19': (5, 8), 'part20': (2, 2)} 
ENERGY: -22.689841406845673 
JUMP? True 
NEW: {'part1': (3, 4), 'part2': (4, 3), 'part3': (3, 1), 'part4': (5, 4), 'part5': (4, 4), 'part6': (6, 8), 'part7': (4, 2), 'part8': (4, 5), 'part9': (3, 3), 'part10': (4, 6), 'part11': (8, 9), 'part12': (10, 2), 'part13': (8, 6), 'part14': (3, 2), 'part15': (9, 2), 'part16': (8, 2), 'part17': (5, 5), 'part18': (1, 2), 'part19': (5, 8), 'part20': (2, 2)} 
ENERGY: -21.424939518648358 
JUMP? False 
NEW: {'part1': (3, 4), 'part2': (4, 3), 'part3': (3, 1), 'part4': (5, 4), 'part5': (10, 3), 'part6': (6, 8), 'part7': (4, 2), 'part8': (4, 5), 'part9': (3, 3), 'part10': (4, 6), 'part11': (8, 9), 'part12': (10, 2), 'part13': (6, 7), 'part14': (3, 2), 'part15': (9, 2), 'part16': (8, 2), 'part17': (5, 5), 'part18': (1, 2), 'part19': (5, 8), 'part20': (2, 2)} 
ENERGY: -19.385225158160313 
JUMP? False 
NEW: {'part1': (3, 4), 'part2': (4, 3), 'part3': (10, 1), 'part4': (5, 4), 'part5': (4, 4), 'part6': (6, 8), 'part7': (4, 2), 'part8': (4, 5), 'part9': (3, 3), 'part10': (4, 6), 'part11': (8, 9), 'part12': (10, 2), 'part13': (6, 7), 'part14': (3, 2), 'part15': (9, 2), 'part16': (8, 2), 'part17': (5, 5), 'part18': (1, 2), 'part19': (5, 8), 'part20': (2, 2)} 
ENERGY: -22.40216376513985 
JUMP? False 
NEW: {'part1': (3, 4), 'part2': (4, 3), 'part3': (3, 1), 'part4': (5, 4), 'part5': (4, 4), 'part6': (6, 8), 'part7': (4, 2), 'part8': (4, 5), 'part9': (3, 3), 'part10': (4, 6), 'part11': (8, 9), 'part12': (10, 2), 'part13': (6, 7), 'part14': (3, 2), 'part15': (9, 2), 'part16': (8, 2), 'part17': (9, 6), 'part18': (1, 2), 'part19': (5, 8), 'part20': (2, 2)} 
ENERGY: -20.16756115377278 
JUMP? False 
NEW: {'part1': (3, 4), 'part2': (4, 3), 'part3': (3, 1), 'part4': (5, 4), 'part5': (4, 4), 'part6': (6, 8), 'part7': (4, 2), 'part8': (4, 5), 'part9': (3, 3), 'part10': (4, 6), 'part11': (1, 8), 'part12': (10, 2), 'part13': (6, 7), 'part14': (3, 2), 'part15': (9, 2), 'part16': (8, 2), 'part17': (5, 5), 'part18': (1, 2), 'part19': (5, 8), 'part20': (2, 2)} 
ENERGY: -22.67033952190403 
JUMP? False 
NEW: {'part1': (3, 4), 'part2': (4, 3), 'part3': (3, 1), 'part4': (5, 4), 'part5': (4, 4), 'part6': (6, 8), 'part7': (4, 2), 'part8': (4, 5), 'part9': (3, 3), 'part10': (4, 6), 'part11': (8, 9), 'part12': (10, 2), 'part13': (6, 7), 'part14': (3, 2), 'part15': (9, 2), 'part16': (7, 4), 'part17': (5, 5), 'part18': (1, 2), 'part19': (5, 8), 'part20': (2, 2)} 
ENERGY: -21.72006923774326 
JUMP? False 
NEW: {'part1': (3, 4), 'part2': (3, 8), 'part3': (3, 1), 'part4': (5, 4), 'part5': (4, 4), 'part6': (6, 8), 'part7': (4, 2), 'part8': (4, 5), 'part9': (3, 3), 'part10': (4, 6), 'part11': (8, 9), 'part12': (10, 2), 'part13': (6, 7), 'part14': (3, 2), 'part15': (9, 2), 'part16': (8, 2), 'part17': (5, 5), 'part18': (1, 2), 'part19': (5, 8), 'part20': (2, 2)} 
ENERGY: -18.958306461535233 
JUMP? False 
NEW: {'part1': (3, 4), 'part2': (4, 3), 'part3': (3, 1), 'part4': (5, 4), 'part5': (3, 10), 'part6': (6, 8), 'part7': (4, 2), 'part8': (4, 5), 'part9': (3, 3), 'part10': (4, 6), 'part11': (8, 9), 'part12': (10, 2), 'part13': (6, 7), 'part14': (3, 2), 'part15': (9, 2), 'part16': (8, 2), 'part17': (5, 5), 'part18': (1, 2), 'part19': (5, 8), 'part20': (2, 2)} 
ENERGY: -18.14038948368463 
JUMP? False 
NEW: {'part1': (3, 4), 'part2': (4, 3), 'part3': (3, 1), 'part4': (5, 4), 'part5': (4, 4), 'part6': (6, 8), 'part7': (4, 2), 'part8': (4, 5), 'part9': (3, 3), 'part10': (4, 6), 'part11': (8, 9), 'part12': (10, 2), 'part13': (6, 7), 'part14': (7, 7), 'part15': (9, 2), 'part16': (8, 2), 'part17': (5, 5), 'part18': (1, 2), 'part19': (5, 8), 'part20': (2, 2)} 
ENERGY: -19.64496833476305 
JUMP? False 
NEW: {'part1': (3, 4), 'part2': (4, 3), 'part3': (3, 1), 'part4': (5, 4), 'part5': (4, 4), 'part6': (6, 8), 'part7': (4, 2), 'part8': (4, 5), 'part9': (3, 3), 'part10': (4, 6), 'part11': (8, 9), 'part12': (10, 2), 'part13': (6, 7), 'part14': (3, 2), 'part15': (9, 2), 'part16': (8, 2), 'part17': (5, 5), 'part18': (9, 10), 'part19': (5, 8), 'part20': (2, 2)} 
ENERGY: -21.852510534434703 
JUMP? False 
NEW: {'part1': (3, 4), 'part2': (4, 3), 'part3': (3, 1), 'part4': (5, 4), 'part5': (10, 6), 'part6': (6, 8), 'part7': (4, 2), 'part8': (4, 5), 'part9': (3, 3), 'part10': (4, 6), 'part11': (8, 9), 'part12': (10, 2), 'part13': (6, 7), 'part14': (3, 2), 'part15': (9, 2), 'part16': (8, 2), 'part17': (5, 5), 'part18': (1, 2), 'part19': (5, 8), 'part20': (2, 2)} 
ENERGY: -18.13752244785399 
JUMP? False 
NEW: {'part1': (3, 4), 'part2': (4, 3), 'part3': (3, 1), 'part4': (5, 4), 'part5': (2, 6), 'part6': (6, 8), 'part7': (4, 2), 'part8': (4, 5), 'part9': (3, 3), 'part10': (4, 6), 'part11': (8, 9), 'part12': (10, 2), 'part13': (6, 7), 'part14': (3, 2), 'part15': (9, 2), 'part16': (8, 2), 'part17': (5, 5), 'part18': (1, 2), 'part19': (5, 8), 'part20': (2, 2)} 
ENERGY: -18.206348562488785 
JUMP? False 
NEW: {'part1': (3, 4), 'part2': (4, 3), 'part3': (3, 1), 'part4': (5, 4), 'part5': (4, 4), 'part6': (6, 8), 'part7': (4, 2), 'part8': (4, 5), 'part9': (3, 3), 'part10': (4, 6), 'part11': (7, 3), 'part12': (10, 2), 'part13': (6, 7), 'part14': (3, 2), 'part15': (9, 2), 'part16': (8, 2), 'part17': (5, 5), 'part18': (1, 2), 'part19': (5, 8), 'part20': (2, 2)} 
ENERGY: -22.949951064412044 
JUMP? True 
NEW: {'part1': (3, 4), 'part2': (4, 3), 'part3': (3, 1), 'part4': (5, 4), 'part5': (4, 4), 'part6': (6, 8), 'part7': (4, 2), 'part8': (4, 5), 'part9': (3, 3), 'part10': (4, 6), 'part11': (7, 3), 'part12': (10, 2), 'part13': (6, 7), 'part14': (9, 1), 'part15': (9, 2), 'part16': (8, 2), 'part17': (5, 5), 'part18': (1, 2), 'part19': (5, 8), 'part20': (2, 2)} 
ENERGY: -20.103003006170013 
JUMP? False 
NEW: {'part1': (3, 4), 'part2': (4, 3), 'part3': (3, 1), 'part4': (5, 4), 'part5': (4, 4), 'part6': (6, 8), 'part7': (4, 2), 'part8': (4, 5), 'part9': (3, 3), 'part10': (4, 6), 'part11': (7, 3), 'part12': (10, 2), 'part13': (6, 7), 'part14': (3, 2), 'part15': (9, 2), 'part16': (8, 2), 'part17': (5, 6), 'part18': (1, 2), 'part19': (5, 8), 'part20': (2, 2)} 
ENERGY: -21.988197376496487 
JUMP? False 
NEW: {'part1': (3, 4), 'part2': (4, 3), 'part3': (3, 1), 'part4': (5, 4), 'part5': (4, 4), 'part6': (6, 8), 'part7': (4, 2), 'part8': (4, 5), 'part9': (3, 3), 'part10': (4, 6), 'part11': (7, 3), 'part12': (10, 2), 'part13': (6, 7), 'part14': (3, 2), 'part15': (9, 2), 'part16': (8, 2), 'part17': (5, 5), 'part18': (1, 2), 'part19': (5, 8), 'part20': (1, 8)} 
ENERGY: -20.414567948101197 
JUMP? False 
NEW: {'part1': (3, 4), 'part2': (4, 3), 'part3': (3, 1), 'part4': (5, 4), 'part5': (4, 4), 'part6': (6, 8), 'part7': (4, 2), 'part8': (4, 5), 'part9': (7, 10), 'part10': (4, 6), 'part11': (7, 3), 'part12': (10, 2), 'part13': (6, 7), 'part14': (3, 2), 'part15': (9, 2), 'part16': (8, 2), 'part17': (5, 5), 'part18': (1, 2), 'part19': (5, 8), 'part20': (2, 2)} 
ENERGY: -19.1834188776162 
JUMP? False 
NEW: {'part1': (3, 4), 'part2': (4, 3), 'part3': (3, 1), 'part4': (5, 4), 'part5': (4, 4), 'part6': (6, 8), 'part7': (4, 2), 'part8': (10, 7), 'part9': (3, 3), 'part10': (4, 6), 'part11': (7, 3), 'part12': (10, 2), 'part13': (6, 7), 'part14': (3, 2), 'part15': (9, 2), 'part16': (8, 2), 'part17': (5, 5), 'part18': (1, 2), 'part19': (5, 8), 'part20': (2, 2)} 
ENERGY: -19.421643502693748 
JUMP? False 
NEW: {'part1': (3, 4), 'part2': (4, 3), 'part3': (3, 1), 'part4': (5, 4), 'part5': (4, 4), 'part6': (6, 8), 'part7': (4, 2), 'part8': (4, 5), 'part9': (3, 3), 'part10': (4, 6), 'part11': (7, 3), 'part12': (10, 2), 'part13': (6, 7), 'part14': (3, 2), 'part15': (9, 2), 'part16': (8, 2), 'part17': (6, 4), 'part18': (1, 2), 'part19': (5, 8), 'part20': (2, 2)} 
ENERGY: -21.736778179035745 
JUMP? False 
NEW: {'part1': (3, 4), 'part2': (4, 3), 'part3': (3, 1), 'part4': (5, 4), 'part5': (4, 4), 'part6': (10, 8), 'part7': (4, 2), 'part8': (4, 5), 'part9': (3, 3), 'part10': (4, 6), 'part11': (7, 3), 'part12': (10, 2), 'part13': (6, 7), 'part14': (3, 2), 'part15': (9, 2), 'part16': (8, 2), 'part17': (5, 5), 'part18': (1, 2), 'part19': (5, 8), 'part20': (2, 2)} 
ENERGY: -20.94283575382468 
JUMP? False 
NEW: {'part1': (3, 4), 'part2': (4, 3), 'part3': (3, 1), 'part4': (5, 4), 'part5': (2, 9), 'part6': (6, 8), 'part7': (4, 2), 'part8': (4, 5), 'part9': (3, 3), 'part10': (4, 6), 'part11': (7, 3), 'part12': (10, 2), 'part13': (6, 7), 'part14': (3, 2), 'part15': (9, 2), 'part16': (8, 2), 'part17': (5, 5), 'part18': (1, 2), 'part19': (5, 8), 'part20': (2, 2)} 
ENERGY: -18.396776241037088 
JUMP? False 
NEW: {'part1': (3, 4), 'part2': (4, 3), 'part3': (3, 1), 'part4': (5, 4), 'part5': (4, 4), 'part6': (6, 8), 'part7': (4, 2), 'part8': (4, 5), 'part9': (3, 3), 'part10': (4, 6), 'part11': (7, 3), 'part12': (10, 2), 'part13': (6, 7), 'part14': (3, 2), 'part15': (9, 2), 'part16': (8, 2), 'part17': (5, 5), 'part18': (1, 2), 'part19': (1, 1), 'part20': (2, 2)} 
ENERGY: -22.98313242938798 
JUMP? True 
NEW: {'part1': (3, 4), 'part2': (4, 3), 'part3': (3, 1), 'part4': (5, 4), 'part5': (4, 4), 'part6': (6, 8), 'part7': (4, 2), 'part8': (4, 5), 'part9': (3, 3), 'part10': (4, 6), 'part11': (7, 3), 'part12': (10, 2), 'part13': (6, 7), 'part14': (3, 2), 'part15': (9, 2), 'part16': (8, 2), 'part17': (5, 5), 'part18': (1, 2), 'part19': (1, 1), 'part20': (5, 3)} 
ENERGY: -22.82976390513027 
JUMP? False 
NEW: {'part1': (3, 4), 'part2': (4, 3), 'part3': (8, 6), 'part4': (5, 4), 'part5': (4, 4), 'part6': (6, 8), 'part7': (4, 2), 'part8': (4, 5), 'part9': (3, 3), 'part10': (4, 6), 'part11': (7, 3), 'part12': (10, 2), 'part13': (6, 7), 'part14': (3, 2), 'part15': (9, 2), 'part16': (8, 2), 'part17': (5, 5), 'part18': (1, 2), 'part19': (1, 1), 'part20': (2, 2)} 
ENERGY: -21.441039179093167 
JUMP? False 
NEW: {'part1': (3, 4), 'part2': (4, 3), 'part3': (3, 1), 'part4': (5, 4), 'part5': (4, 4), 'part6': (6, 8), 'part7': (4, 2), 'part8': (4, 5), 'part9': (3, 3), 'part10': (4, 6), 'part11': (7, 3), 'part12': (10, 2), 'part13': (9, 1), 'part14': (3, 2), 'part15': (9, 2), 'part16': (8, 2), 'part17': (5, 5), 'part18': (1, 2), 'part19': (1, 1), 'part20': (2, 2)} 
ENERGY: -23.41626100317619 
JUMP? True 
NEW: {'part1': (3, 4), 'part2': (4, 3), 'part3': (3, 1), 'part4': (5, 4), 'part5': (4, 4), 'part6': (6, 8), 'part7': (4, 2), 'part8': (4, 5), 'part9': (3, 3), 'part10': (3, 7), 'part11': (7, 3), 'part12': (10, 2), 'part13': (9, 1), 'part14': (3, 2), 'part15': (9, 2), 'part16': (8, 2), 'part17': (5, 5), 'part18': (1, 2), 'part19': (1, 1), 'part20': (2, 2)} 
ENERGY: -22.137454764445987 
JUMP? False 
NEW: {'part1': (3, 4), 'part2': (4, 3), 'part3': (3, 1), 'part4': (5, 4), 'part5': (4, 4), 'part6': (6, 8), 'part7': (4, 2), 'part8': (4, 5), 'part9': (3, 3), 'part10': (4, 6), 'part11': (7, 3), 'part12': (10, 2), 'part13': (9, 1), 'part14': (3, 2), 'part15': (9, 2), 'part16': (8, 2), 'part17': (6, 1), 'part18': (1, 2), 'part19': (1, 1), 'part20': (2, 2)} 
ENERGY: -20.968319125804463 
JUMP? False 
NEW: {'part1': (3, 4), 'part2': (4, 3), 'part3': (3, 1), 'part4': (5, 4), 'part5': (4, 4), 'part6': (6, 8), 'part7': (4, 2), 'part8': (4, 5), 'part9': (3, 3), 'part10': (4, 6), 'part11': (7, 3), 'part12': (10, 2), 'part13': (9, 1), 'part14': (3, 2), 'part15': (9, 2), 'part16': (8, 2), 'part17': (5, 5), 'part18': (1, 2), 'part19': (6, 2), 'part20': (2, 2)} 
ENERGY: -22.47529892766526 
JUMP? False 
NEW: {'part1': (3, 4), 'part2': (4, 3), 'part3': (3, 1), 'part4': (5, 4), 'part5': (4, 4), 'part6': (6, 8), 'part7': (4, 2), 'part8': (4, 5), 'part9': (3, 3), 'part10': (4, 6), 'part11': (7, 3), 'part12': (10, 2), 'part13': (9, 1), 'part14': (3, 2), 'part15': (9, 2), 'part16': (8, 2), 'part17': (2, 3), 'part18': (1, 2), 'part19': (1, 1), 'part20': (2, 2)} 
ENERGY: -23.706481420973148 
JUMP? True 
NEW: {'part1': (3, 4), 'part2': (4, 3), 'part3': (3, 1), 'part4': (5, 4), 'part5': (4, 4), 'part6': (6, 8), 'part7': (4, 2), 'part8': (4, 5), 'part9': (3, 3), 'part10': (4, 6), 'part11': (7, 3), 'part12': (10, 2), 'part13': (9, 1), 'part14': (3, 2), 'part15': (9, 2), 'part16': (8, 2), 'part17': (2, 3), 'part18': (6, 7), 'part19': (1, 1), 'part20': (2, 2)} 
ENERGY: -22.423183075674874 
JUMP? False 
NEW: {'part1': (3, 4), 'part2': (4, 3), 'part3': (3, 1), 'part4': (5, 4), 'part5': (4, 4), 'part6': (6, 8), 'part7': (4, 2), 'part8': (4, 5), 'part9': (3, 3), 'part10': (4, 6), 'part11': (7, 3), 'part12': (10, 2), 'part13': (9, 1), 'part14': (3, 2), 'part15': (9, 2), 'part16': (8, 2), 'part17': (2, 3), 'part18': (1, 2), 'part19': (1, 1), 'part20': (5, 7)} 
ENERGY: -20.42604602620655 
JUMP? False 
NEW: {'part1': (3, 4), 'part2': (4, 3), 'part3': (3, 1), 'part4': (5, 4), 'part5': (4, 4), 'part6': (6, 8), 'part7': (4, 2), 'part8': (4, 5), 'part9': (3, 3), 'part10': (4, 6), 'part11': (7, 3), 'part12': (10, 2), 'part13': (9, 1), 'part14': (3, 2), 'part15': (2, 8), 'part16': (8, 2), 'part17': (2, 3), 'part18': (1, 2), 'part19': (1, 1), 'part20': (2, 2)} 
ENERGY: -20.696288942006078 
JUMP? False 
NEW: {'part1': (3, 4), 'part2': (4, 3), 'part3': (3, 1), 'part4': (5, 4), 'part5': (4, 4), 'part6': (6, 8), 'part7': (4, 2), 'part8': (4, 10), 'part9': (3, 3), 'part10': (4, 6), 'part11': (7, 3), 'part12': (10, 2), 'part13': (9, 1), 'part14': (3, 2), 'part15': (9, 2), 'part16': (8, 2), 'part17': (2, 3), 'part18': (1, 2), 'part19': (1, 1), 'part20': (2, 2)} 
ENERGY: -21.18291980615415 
JUMP? False 
NEW: {'part1': (5, 8), 'part2': (4, 3), 'part3': (3, 1), 'part4': (5, 4), 'part5': (4, 4), 'part6': (6, 8), 'part7': (4, 2), 'part8': (4, 5), 'part9': (3, 3), 'part10': (4, 6), 'part11': (7, 3), 'part12': (10, 2), 'part13': (9, 1), 'part14': (3, 2), 'part15': (9, 2), 'part16': (8, 2), 'part17': (2, 3), 'part18': (1, 2), 'part19': (1, 1), 'part20': (2, 2)} 
ENERGY: -21.904636264690144 
JUMP? False 
NEW: {'part1': (4, 10), 'part2': (4, 3), 'part3': (3, 1), 'part4': (5, 4), 'part5': (4, 4), 'part6': (6, 8), 'part7': (4, 2), 'part8': (4, 5), 'part9': (3, 3), 'part10': (4, 6), 'part11': (7, 3), 'part12': (10, 2), 'part13': (9, 1), 'part14': (3, 2), 'part15': (9, 2), 'part16': (8, 2), 'part17': (2, 3), 'part18': (1, 2), 'part19': (1, 1), 'part20': (2, 2)} 
ENERGY: -20.889998302442137 
JUMP? False 
NEW: {'part1': (3, 4), 'part2': (4, 3), 'part3': (3, 1), 'part4': (5, 4), 'part5': (4, 4), 'part6': (6, 8), 'part7': (7, 9), 'part8': (4, 5), 'part9': (3, 3), 'part10': (4, 6), 'part11': (7, 3), 'part12': (10, 2), 'part13': (9, 1), 'part14': (3, 2), 'part15': (9, 2), 'part16': (8, 2), 'part17': (2, 3), 'part18': (1, 2), 'part19': (1, 1), 'part20': (2, 2)} 
ENERGY: -21.352300595319775 
JUMP? False 
NEW: {'part1': (3, 4), 'part2': (4, 3), 'part3': (3, 1), 'part4': (5, 4), 'part5': (4, 4), 'part6': (6, 8), 'part7': (4, 2), 'part8': (4, 5), 'part9': (3, 3), 'part10': (4, 6), 'part11': (6, 10), 'part12': (10, 2), 'part13': (9, 1), 'part14': (3, 2), 'part15': (9, 2), 'part16': (8, 2), 'part17': (2, 3), 'part18': (1, 2), 'part19': (1, 1), 'part20': (2, 2)} 
ENERGY: -23.455863623814444 
JUMP? False 
NEW: {'part1': (3, 4), 'part2': (6, 10), 'part3': (3, 1), 'part4': (5, 4), 'part5': (4, 4), 'part6': (6, 8), 'part7': (4, 2), 'part8': (4, 5), 'part9': (3, 3), 'part10': (4, 6), 'part11': (7, 3), 'part12': (10, 2), 'part13': (9, 1), 'part14': (3, 2), 'part15': (9, 2), 'part16': (8, 2), 'part17': (2, 3), 'part18': (1, 2), 'part19': (1, 1), 'part20': (2, 2)} 
ENERGY: -19.931859552367836 
JUMP? False 
NEW: {'part1': (3, 4), 'part2': (4, 3), 'part3': (3, 1), 'part4': (8, 3), 'part5': (4, 4), 'part6': (6, 8), 'part7': (4, 2), 'part8': (4, 5), 'part9': (3, 3), 'part10': (4, 6), 'part11': (7, 3), 'part12': (10, 2), 'part13': (9, 1), 'part14': (3, 2), 'part15': (9, 2), 'part16': (8, 2), 'part17': (2, 3), 'part18': (1, 2), 'part19': (1, 1), 'part20': (2, 2)} 
ENERGY: -24.401662845169213 
JUMP? True 
NEW: {'part1': (3, 4), 'part2': (4, 3), 'part3': (3, 1), 'part4': (8, 3), 'part5': (4, 4), 'part6': (6, 8), 'part7': (4, 2), 'part8': (4, 5), 'part9': (3, 3), 'part10': (4, 6), 'part11': (7, 3), 'part12': (10, 2), 'part13': (9, 1), 'part14': (3, 2), 'part15': (6, 5), 'part16': (8, 2), 'part17': (2, 3), 'part18': (1, 2), 'part19': (1, 1), 'part20': (2, 2)} 
ENERGY: -21.245999430364957 
JUMP? False 
NEW: {'part1': (3, 4), 'part2': (4, 3), 'part3': (3, 1), 'part4': (8, 3), 'part5': (4, 4), 'part6': (6, 8), 'part7': (4, 2), 'part8': (4, 5), 'part9': (3, 3), 'part10': (4, 6), 'part11': (7, 3), 'part12': (10, 2), 'part13': (9, 7), 'part14': (3, 2), 'part15': (9, 2), 'part16': (8, 2), 'part17': (2, 3), 'part18': (1, 2), 'part19': (1, 1), 'part20': (2, 2)} 
ENERGY: -22.915962398245437 
JUMP? False 
NEW: {'part1': (3, 4), 'part2': (4, 3), 'part3': (3, 1), 'part4': (8, 3), 'part5': (4, 4), 'part6': (6, 8), 'part7': (4, 2), 'part8': (4, 5), 'part9': (3, 3), 'part10': (4, 6), 'part11': (7, 3), 'part12': (10, 2), 'part13': (9, 1), 'part14': (3, 2), 'part15': (9, 2), 'part16': (8, 2), 'part17': (2, 3), 'part18': (1, 2), 'part19': (9, 8), 'part20': (2, 2)} 
ENERGY: -23.09938659841229 
JUMP? False 
NEW: {'part1': (3, 4), 'part2': (4, 3), 'part3': (3, 1), 'part4': (8, 3), 'part5': (4, 4), 'part6': (6, 8), 'part7': (4, 2), 'part8': (4, 5), 'part9': (3, 3), 'part10': (4, 6), 'part11': (7, 3), 'part12': (6, 7), 'part13': (9, 1), 'part14': (3, 2), 'part15': (9, 2), 'part16': (8, 2), 'part17': (2, 3), 'part18': (1, 2), 'part19': (1, 1), 'part20': (2, 2)} 
ENERGY: -24.14064879562402 
JUMP? False 
NEW: {'part1': (3, 4), 'part2': (4, 3), 'part3': (3, 1), 'part4': (6, 3), 'part5': (4, 4), 'part6': (6, 8), 'part7': (4, 2), 'part8': (4, 5), 'part9': (3, 3), 'part10': (4, 6), 'part11': (7, 3), 'part12': (10, 2), 'part13': (9, 1), 'part14': (3, 2), 'part15': (9, 2), 'part16': (8, 2), 'part17': (2, 3), 'part18': (1, 2), 'part19': (1, 1), 'part20': (2, 2)} 
ENERGY: -23.22891526351981 
JUMP? False 
NEW: {'part1': (3, 4), 'part2': (4, 3), 'part3': (7, 1), 'part4': (8, 3), 'part5': (4, 4), 'part6': (6, 8), 'part7': (4, 2), 'part8': (4, 5), 'part9': (3, 3), 'part10': (4, 6), 'part11': (7, 3), 'part12': (10, 2), 'part13': (9, 1), 'part14': (3, 2), 'part15': (9, 2), 'part16': (8, 2), 'part17': (2, 3), 'part18': (1, 2), 'part19': (1, 1), 'part20': (2, 2)} 
ENERGY: -23.152044667562926 
JUMP? False 
NEW: {'part1': (3, 4), 'part2': (4, 3), 'part3': (3, 1), 'part4': (8, 3), 'part5': (9, 7), 'part6': (6, 8), 'part7': (4, 2), 'part8': (4, 5), 'part9': (3, 3), 'part10': (4, 6), 'part11': (7, 3), 'part12': (10, 2), 'part13': (9, 1), 'part14': (3, 2), 'part15': (9, 2), 'part16': (8, 2), 'part17': (2, 3), 'part18': (1, 2), 'part19': (1, 1), 'part20': (2, 2)} 
ENERGY: -21.066541577919313 
JUMP? False 
NEW: {'part1': (3, 4), 'part2': (4, 3), 'part3': (3, 1), 'part4': (8, 3), 'part5': (4, 4), 'part6': (6, 8), 'part7': (4, 2), 'part8': (4, 5), 'part9': (3, 3), 'part10': (4, 6), 'part11': (7, 3), 'part12': (7, 1), 'part13': (9, 1), 'part14': (3, 2), 'part15': (9, 2), 'part16': (8, 2), 'part17': (2, 3), 'part18': (1, 2), 'part19': (1, 1), 'part20': (2, 2)} 
ENERGY: -23.4513553632671 
JUMP? False 
NEW: {'part1': (3, 4), 'part2': (4, 3), 'part3': (3, 1), 'part4': (8, 3), 'part5': (4, 4), 'part6': (6, 8), 'part7': (4, 2), 'part8': (4, 5), 'part9': (3, 3), 'part10': (4, 6), 'part11': (7, 3), 'part12': (10, 2), 'part13': (9, 1), 'part14': (3, 2), 'part15': (9, 2), 'part16': (8, 2), 'part17': (2, 3), 'part18': (1, 2), 'part19': (1, 1), 'part20': (5, 10)} 
ENERGY: -20.64697311225821 
JUMP? False 
NEW: {'part1': (3, 4), 'part2': (4, 3), 'part3': (3, 1), 'part4': (8, 3), 'part5': (9, 9), 'part6': (6, 8), 'part7': (4, 2), 'part8': (4, 5), 'part9': (3, 3), 'part10': (4, 6), 'part11': (7, 3), 'part12': (10, 2), 'part13': (9, 1), 'part14': (3, 2), 'part15': (9, 2), 'part16': (8, 2), 'part17': (2, 3), 'part18': (1, 2), 'part19': (1, 1), 'part20': (2, 2)} 
ENERGY: -21.065426065316842 
JUMP? False 
NEW: {'part1': (3, 4), 'part2': (4, 3), 'part3': (3, 1), 'part4': (8, 3), 'part5': (4, 4), 'part6': (6, 8), 'part7': (4, 2), 'part8': (4, 5), 'part9': (3, 3), 'part10': (4, 6), 'part11': (7, 3), 'part12': (10, 2), 'part13': (9, 1), 'part14': (3, 2), 'part15': (9, 2), 'part16': (8, 2), 'part17': (2, 3), 'part18': (1, 2), 'part19': (1, 1), 'part20': (9, 5)} 
ENERGY: -20.658372140048108 
JUMP? False 
NEW: {'part1': (3, 4), 'part2': (4, 3), 'part3': (3, 1), 'part4': (8, 3), 'part5': (4, 4), 'part6': (6, 8), 'part7': (4, 2), 'part8': (4, 5), 'part9': (3, 3), 'part10': (4, 6), 'part11': (7, 3), 'part12': (10, 2), 'part13': (9, 1), 'part14': (3, 2), 'part15': (9, 2), 'part16': (7, 4), 'part17': (2, 3), 'part18': (1, 2), 'part19': (1, 1), 'part20': (2, 2)} 
ENERGY: -23.15057489864435 
JUMP? False 
NEW: {'part1': (3, 4), 'part2': (4, 3), 'part3': (3, 1), 'part4': (8, 3), 'part5': (4, 4), 'part6': (6, 8), 'part7': (4, 2), 'part8': (4, 5), 'part9': (3, 3), 'part10': (7, 5), 'part11': (7, 3), 'part12': (10, 2), 'part13': (9, 1), 'part14': (3, 2), 'part15': (9, 2), 'part16': (8, 2), 'part17': (2, 3), 'part18': (1, 2), 'part19': (1, 1), 'part20': (2, 2)} 
ENERGY: -23.402590353182024 
JUMP? False 
NEW: {'part1': (3, 4), 'part2': (4, 3), 'part3': (3, 1), 'part4': (8, 3), 'part5': (4, 4), 'part6': (6, 8), 'part7': (4, 2), 'part8': (4, 5), 'part9': (3, 3), 'part10': (4, 6), 'part11': (7, 3), 'part12': (10, 2), 'part13': (9, 1), 'part14': (3, 2), 'part15': (9, 2), 'part16': (1, 4), 'part17': (2, 3), 'part18': (1, 2), 'part19': (1, 1), 'part20': (2, 2)} 
ENERGY: -22.244460258915094 
JUMP? False 
NEW: {'part1': (3, 4), 'part2': (4, 3), 'part3': (3, 1), 'part4': (8, 3), 'part5': (4, 4), 'part6': (6, 8), 'part7': (4, 2), 'part8': (4, 5), 'part9': (3, 3), 'part10': (4, 6), 'part11': (7, 3), 'part12': (10, 2), 'part13': (9, 1), 'part14': (3, 2), 'part15': (9, 2), 'part16': (8, 2), 'part17': (2, 7), 'part18': (1, 2), 'part19': (1, 1), 'part20': (2, 2)} 
ENERGY: -21.62308921018457 
JUMP? False 
NEW: {'part1': (3, 4), 'part2': (4, 3), 'part3': (3, 1), 'part4': (8, 3), 'part5': (4, 4), 'part6': (6, 8), 'part7': (4, 2), 'part8': (4, 5), 'part9': (3, 3), 'part10': (4, 6), 'part11': (7, 3), 'part12': (10, 2), 'part13': (9, 1), 'part14': (3, 2), 'part15': (9, 2), 'part16': (8, 2), 'part17': (2, 3), 'part18': (1, 2), 'part19': (7, 1), 'part20': (2, 2)} 
ENERGY: -23.431295559910915 
JUMP? False 
NEW: {'part1': (3, 4), 'part2': (4, 3), 'part3': (3, 1), 'part4': (8, 3), 'part5': (4, 4), 'part6': (6, 8), 'part7': (4, 2), 'part8': (4, 5), 'part9': (3, 3), 'part10': (4, 6), 'part11': (7, 3), 'part12': (10, 2), 'part13': (9, 1), 'part14': (3, 2), 'part15': (9, 2), 'part16': (8, 2), 'part17': (2, 3), 'part18': (1, 2), 'part19': (1, 1), 'part20': (1, 6)} 
ENERGY: -20.64435691407774 
JUMP? False 
NEW: {'part1': (3, 4), 'part2': (4, 3), 'part3': (3, 1), 'part4': (8, 3), 'part5': (4, 4), 'part6': (6, 8), 'part7': (7, 1), 'part8': (4, 5), 'part9': (3, 3), 'part10': (4, 6), 'part11': (7, 3), 'part12': (10, 2), 'part13': (9, 1), 'part14': (3, 2), 'part15': (9, 2), 'part16': (8, 2), 'part17': (2, 3), 'part18': (1, 2), 'part19': (1, 1), 'part20': (2, 2)} 
ENERGY: -22.161105124347994 
JUMP? False 
NEW: {'part1': (3, 4), 'part2': (4, 3), 'part3': (3, 1), 'part4': (8, 3), 'part5': (4, 4), 'part6': (6, 8), 'part7': (4, 2), 'part8': (4, 5), 'part9': (3, 3), 'part10': (4, 6), 'part11': (5, 7), 'part12': (10, 2), 'part13': (9, 1), 'part14': (3, 2), 'part15': (9, 2), 'part16': (8, 2), 'part17': (2, 3), 'part18': (1, 2), 'part19': (1, 1), 'part20': (2, 2)} 
ENERGY: -23.62441901137457 
JUMP? False 
NEW: {'part1': (3, 4), 'part2': (4, 3), 'part3': (3, 1), 'part4': (8, 3), 'part5': (4, 4), 'part6': (6, 8), 'part7': (4, 2), 'part8': (4, 5), 'part9': (3, 3), 'part10': (4, 6), 'part11': (7, 3), 'part12': (10, 2), 'part13': (1, 9), 'part14': (3, 2), 'part15': (9, 2), 'part16': (8, 2), 'part17': (2, 3), 'part18': (1, 2), 'part19': (1, 1), 'part20': (2, 2)} 
ENERGY: -22.91348567381269 
JUMP? False 
NEW: {'part1': (3, 4), 'part2': (4, 3), 'part3': (3, 1), 'part4': (8, 3), 'part5': (4, 4), 'part6': (6, 8), 'part7': (4, 2), 'part8': (4, 5), 'part9': (3, 3), 'part10': (4, 6), 'part11': (7, 3), 'part12': (10, 2), 'part13': (9, 1), 'part14': (3, 2), 'part15': (9, 2), 'part16': (8, 2), 'part17': (2, 3), 'part18': (2, 9), 'part19': (1, 1), 'part20': (2, 2)} 
ENERGY: -22.09624526573307 
JUMP? False 
NEW: {'part1': (3, 4), 'part2': (4, 3), 'part3': (3, 1), 'part4': (8, 3), 'part5': (4, 4), 'part6': (6, 8), 'part7': (4, 2), 'part8': (4, 5), 'part9': (3, 3), 'part10': (4, 6), 'part11': (7, 3), 'part12': (10, 2), 'part13': (9, 1), 'part14': (5, 7), 'part15': (9, 2), 'part16': (8, 2), 'part17': (2, 3), 'part18': (1, 2), 'part19': (1, 1), 'part20': (2, 2)} 
ENERGY: -20.324960236016665 
JUMP? False 
NEW: {'part1': (3, 4), 'part2': (4, 3), 'part3': (3, 1), 'part4': (8, 3), 'part5': (4, 4), 'part6': (6, 8), 'part7': (4, 2), 'part8': (4, 5), 'part9': (3, 3), 'part10': (4, 6), 'part11': (7, 3), 'part12': (10, 2), 'part13': (9, 1), 'part14': (3, 2), 'part15': (9, 2), 'part16': (8, 2), 'part17': (2, 3), 'part18': (1, 2), 'part19': (10, 9), 'part20': (2, 2)} 
ENERGY: -23.096665359546712 
JUMP? False 
NEW: {'part1': (3, 4), 'part2': (4, 3), 'part3': (3, 1), 'part4': (8, 3), 'part5': (4, 4), 'part6': (6, 8), 'part7': (4, 2), 'part8': (4, 5), 'part9': (3, 3), 'part10': (4, 6), 'part11': (7, 3), 'part12': (10, 2), 'part13': (9, 1), 'part14': (1, 7), 'part15': (9, 2), 'part16': (8, 2), 'part17': (2, 3), 'part18': (1, 2), 'part19': (1, 1), 'part20': (2, 2)} 
ENERGY: -19.841312667787342 
JUMP? False 
NEW: {'part1': (3, 4), 'part2': (4, 3), 'part3': (3, 1), 'part4': (8, 3), 'part5': (4, 4), 'part6': (4, 7), 'part7': (4, 2), 'part8': (4, 5), 'part9': (3, 3), 'part10': (4, 6), 'part11': (7, 3), 'part12': (10, 2), 'part13': (9, 1), 'part14': (3, 2), 'part15': (9, 2), 'part16': (8, 2), 'part17': (2, 3), 'part18': (1, 2), 'part19': (1, 1), 'part20': (2, 2)} 
ENERGY: -25.433525061400637 
JUMP? True 
NEW: {'part1': (1, 4), 'part2': (4, 3), 'part3': (3, 1), 'part4': (8, 3), 'part5': (4, 4), 'part6': (4, 7), 'part7': (4, 2), 'part8': (4, 5), 'part9': (3, 3), 'part10': (4, 6), 'part11': (7, 3), 'part12': (10, 2), 'part13': (9, 1), 'part14': (3, 2), 'part15': (9, 2), 'part16': (8, 2), 'part17': (2, 3), 'part18': (1, 2), 'part19': (1, 1), 'part20': (2, 2)} 
ENERGY: -22.955156183881925 
JUMP? False 
NEW: {'part1': (3, 4), 'part2': (4, 3), 'part3': (5, 8), 'part4': (8, 3), 'part5': (4, 4), 'part6': (4, 7), 'part7': (4, 2), 'part8': (4, 5), 'part9': (3, 3), 'part10': (4, 6), 'part11': (7, 3), 'part12': (10, 2), 'part13': (9, 1), 'part14': (3, 2), 'part15': (9, 2), 'part16': (8, 2), 'part17': (2, 3), 'part18': (1, 2), 'part19': (1, 1), 'part20': (2, 2)} 
ENERGY: -24.10262274578614 
JUMP? False 
NEW: {'part1': (3, 4), 'part2': (4, 3), 'part3': (3, 1), 'part4': (8, 3), 'part5': (4, 4), 'part6': (4, 7), 'part7': (4, 2), 'part8': (4, 5), 'part9': (6, 9), 'part10': (4, 6), 'part11': (7, 3), 'part12': (10, 2), 'part13': (9, 1), 'part14': (3, 2), 'part15': (9, 2), 'part16': (8, 2), 'part17': (2, 3), 'part18': (1, 2), 'part19': (1, 1), 'part20': (2, 2)} 
ENERGY: -20.66578724600106 
JUMP? False 
NEW: {'part1': (3, 4), 'part2': (4, 3), 'part3': (3, 1), 'part4': (6, 5), 'part5': (4, 4), 'part6': (4, 7), 'part7': (4, 2), 'part8': (4, 5), 'part9': (3, 3), 'part10': (4, 6), 'part11': (7, 3), 'part12': (10, 2), 'part13': (9, 1), 'part14': (3, 2), 'part15': (9, 2), 'part16': (8, 2), 'part17': (2, 3), 'part18': (1, 2), 'part19': (1, 1), 'part20': (2, 2)} 
ENERGY: -23.25786286679151 
JUMP? False 
NEW: {'part1': (3, 4), 'part2': (8, 8), 'part3': (3, 1), 'part4': (8, 3), 'part5': (4, 4), 'part6': (4, 7), 'part7': (4, 2), 'part8': (4, 5), 'part9': (3, 3), 'part10': (4, 6), 'part11': (7, 3), 'part12': (10, 2), 'part13': (9, 1), 'part14': (3, 2), 'part15': (9, 2), 'part16': (8, 2), 'part17': (2, 3), 'part18': (1, 2), 'part19': (1, 1), 'part20': (2, 2)} 
ENERGY: -21.862189209669097 
JUMP? False 
NEW: {'part1': (3, 4), 'part2': (4, 3), 'part3': (3, 1), 'part4': (8, 3), 'part5': (4, 4), 'part6': (4, 7), 'part7': (4, 2), 'part8': (4, 5), 'part9': (3, 3), 'part10': (4, 6), 'part11': (7, 3), 'part12': (10, 2), 'part13': (9, 1), 'part14': (3, 2), 'part15': (2, 9), 'part16': (8, 2), 'part17': (2, 3), 'part18': (1, 2), 'part19': (1, 1), 'part20': (2, 2)} 
ENERGY: -22.188062072520182 
JUMP? False 
NEW: {'part1': (3, 4), 'part2': (4, 3), 'part3': (3, 1), 'part4': (8, 3), 'part5': (4, 4), 'part6': (4, 7), 'part7': (4, 2), 'part8': (4, 5), 'part9': (3, 3), 'part10': (4, 6), 'part11': (7, 3), 'part12': (10, 2), 'part13': (9, 1), 'part14': (3, 2), 'part15': (9, 2), 'part16': (8, 2), 'part17': (2, 3), 'part18': (1, 2), 'part19': (1, 1), 'part20': (4, 10)} 
ENERGY: -21.665680502800022 
JUMP? False 
NEW: {'part1': (3, 4), 'part2': (4, 3), 'part3': (3, 1), 'part4': (8, 3), 'part5': (4, 4), 'part6': (4, 7), 'part7': (4, 2), 'part8': (3, 9), 'part9': (3, 3), 'part10': (4, 6), 'part11': (7, 3), 'part12': (10, 2), 'part13': (9, 1), 'part14': (3, 2), 'part15': (9, 2), 'part16': (8, 2), 'part17': (2, 3), 'part18': (1, 2), 'part19': (1, 1), 'part20': (2, 2)} 
ENERGY: -23.12779112403513 
JUMP? False 
NEW: {'part1': (3, 4), 'part2': (4, 3), 'part3': (3, 1), 'part4': (8, 10), 'part5': (4, 4), 'part6': (4, 7), 'part7': (4, 2), 'part8': (4, 5), 'part9': (3, 3), 'part10': (4, 6), 'part11': (7, 3), 'part12': (10, 2), 'part13': (9, 1), 'part14': (3, 2), 'part15': (9, 2), 'part16': (8, 2), 'part17': (2, 3), 'part18': (1, 2), 'part19': (1, 1), 'part20': (2, 2)} 
ENERGY: -23.165297080690763 
JUMP? False 
NEW: {'part1': (3, 4), 'part2': (4, 3), 'part3': (3, 1), 'part4': (8, 3), 'part5': (4, 4), 'part6': (4, 7), 'part7': (4, 2), 'part8': (4, 5), 'part9': (3, 3), 'part10': (4, 6), 'part11': (7, 3), 'part12': (10, 2), 'part13': (9, 1), 'part14': (3, 2), 'part15': (4, 8), 'part16': (8, 2), 'part17': (2, 3), 'part18': (1, 2), 'part19': (1, 1), 'part20': (2, 2)} 
ENERGY: -23.217825727141836 
JUMP? False 
NEW: {'part1': (3, 4), 'part2': (4, 3), 'part3': (3, 1), 'part4': (8, 3), 'part5': (4, 4), 'part6': (4, 7), 'part7': (3, 8), 'part8': (4, 5), 'part9': (3, 3), 'part10': (4, 6), 'part11': (7, 3), 'part12': (10, 2), 'part13': (9, 1), 'part14': (3, 2), 'part15': (9, 2), 'part16': (8, 2), 'part17': (2, 3), 'part18': (1, 2), 'part19': (1, 1), 'part20': (2, 2)} 
ENERGY: -23.113383999961904 
JUMP? False 
NEW: {'part1': (3, 4), 'part2': (4, 3), 'part3': (3, 1), 'part4': (8, 3), 'part5': (4, 4), 'part6': (4, 7), 'part7': (4, 2), 'part8': (4, 5), 'part9': (3, 3), 'part10': (4, 6), 'part11': (7, 3), 'part12': (10, 2), 'part13': (2, 1), 'part14': (3, 2), 'part15': (9, 2), 'part16': (8, 2), 'part17': (2, 3), 'part18': (1, 2), 'part19': (1, 1), 'part20': (2, 2)} 
ENERGY: -27.483434996368352 
JUMP? True 
NEW: {'part1': (3, 4), 'part2': (4, 3), 'part3': (3, 1), 'part4': (8, 3), 'part5': (4, 4), 'part6': (8, 1), 'part7': (4, 2), 'part8': (4, 5), 'part9': (3, 3), 'part10': (4, 6), 'part11': (7, 3), 'part12': (10, 2), 'part13': (2, 1), 'part14': (3, 2), 'part15': (9, 2), 'part16': (8, 2), 'part17': (2, 3), 'part18': (1, 2), 'part19': (1, 1), 'part20': (2, 2)} 
ENERGY: -27.744482744897546 
JUMP? True 
NEW: {'part1': (3, 4), 'part2': (4, 3), 'part3': (3, 1), 'part4': (8, 3), 'part5': (4, 4), 'part6': (8, 1), 'part7': (4, 2), 'part8': (4, 5), 'part9': (3, 3), 'part10': (4, 6), 'part11': (7, 3), 'part12': (10, 2), 'part13': (2, 1), 'part14': (3, 2), 'part15': (9, 2), 'part16': (5, 5), 'part17': (2, 3), 'part18': (1, 2), 'part19': (1, 1), 'part20': (2, 2)} 
ENERGY: -25.991548677137953 
JUMP? False 
NEW: {'part1': (3, 4), 'part2': (7, 6), 'part3': (3, 1), 'part4': (8, 3), 'part5': (4, 4), 'part6': (8, 1), 'part7': (4, 2), 'part8': (4, 5), 'part9': (3, 3), 'part10': (4, 6), 'part11': (7, 3), 'part12': (10, 2), 'part13': (2, 1), 'part14': (3, 2), 'part15': (9, 2), 'part16': (8, 2), 'part17': (2, 3), 'part18': (1, 2), 'part19': (1, 1), 'part20': (2, 2)} 
ENERGY: -24.180259837951187 
JUMP? False 
NEW: {'part1': (3, 4), 'part2': (4, 3), 'part3': (3, 1), 'part4': (8, 3), 'part5': (4, 4), 'part6': (8, 1), 'part7': (4, 2), 'part8': (4, 5), 'part9': (5, 5), 'part10': (4, 6), 'part11': (7, 3), 'part12': (10, 2), 'part13': (2, 1), 'part14': (3, 2), 'part15': (9, 2), 'part16': (8, 2), 'part17': (2, 3), 'part18': (1, 2), 'part19': (1, 1), 'part20': (2, 2)} 
ENERGY: -24.46658797054699 
JUMP? False 
NEW: {'part1': (3, 4), 'part2': (4, 3), 'part3': (3, 1), 'part4': (8, 3), 'part5': (4, 4), 'part6': (8, 1), 'part7': (4, 2), 'part8': (4, 5), 'part9': (3, 3), 'part10': (4, 6), 'part11': (7, 3), 'part12': (10, 2), 'part13': (10, 4), 'part14': (3, 2), 'part15': (9, 2), 'part16': (8, 2), 'part17': (2, 3), 'part18': (1, 2), 'part19': (1, 1), 'part20': (2, 2)} 
ENERGY: -24.27544170301004 
JUMP? False 
NEW: {'part1': (3, 4), 'part2': (4, 3), 'part3': (3, 1), 'part4': (8, 3), 'part5': (4, 4), 'part6': (8, 1), 'part7': (4, 2), 'part8': (4, 5), 'part9': (3, 3), 'part10': (4, 6), 'part11': (7, 3), 'part12': (10, 2), 'part13': (2, 1), 'part14': (3, 2), 'part15': (9, 2), 'part16': (5, 8), 'part17': (2, 3), 'part18': (1, 2), 'part19': (1, 1), 'part20': (2, 2)} 
ENERGY: -24.496317504569515 
JUMP? False 
NEW: {'part1': (3, 4), 'part2': (5, 5), 'part3': (3, 1), 'part4': (8, 3), 'part5': (4, 4), 'part6': (8, 1), 'part7': (4, 2), 'part8': (4, 5), 'part9': (3, 3), 'part10': (4, 6), 'part11': (7, 3), 'part12': (10, 2), 'part13': (2, 1), 'part14': (3, 2), 'part15': (9, 2), 'part16': (8, 2), 'part17': (2, 3), 'part18': (1, 2), 'part19': (1, 1), 'part20': (2, 2)} 
ENERGY: -25.667035539730477 
JUMP? False 
NEW: {'part1': (3, 4), 'part2': (4, 3), 'part3': (3, 1), 'part4': (8, 3), 'part5': (4, 4), 'part6': (8, 1), 'part7': (4, 2), 'part8': (5, 2), 'part9': (3, 3), 'part10': (4, 6), 'part11': (7, 3), 'part12': (10, 2), 'part13': (2, 1), 'part14': (3, 2), 'part15': (9, 2), 'part16': (8, 2), 'part17': (2, 3), 'part18': (1, 2), 'part19': (1, 1), 'part20': (2, 2)} 
ENERGY: -26.79948794889261 
JUMP? False 
NEW: {'part1': (3, 4), 'part2': (4, 3), 'part3': (7, 8), 'part4': (8, 3), 'part5': (4, 4), 'part6': (8, 1), 'part7': (4, 2), 'part8': (4, 5), 'part9': (3, 3), 'part10': (4, 6), 'part11': (7, 3), 'part12': (10, 2), 'part13': (2, 1), 'part14': (3, 2), 'part15': (9, 2), 'part16': (8, 2), 'part17': (2, 3), 'part18': (1, 2), 'part19': (1, 1), 'part20': (2, 2)} 
ENERGY: -25.16196825703893 
JUMP? False 
NEW: {'part1': (3, 4), 'part2': (4, 3), 'part3': (2, 5), 'part4': (8, 3), 'part5': (4, 4), 'part6': (8, 1), 'part7': (4, 2), 'part8': (4, 5), 'part9': (3, 3), 'part10': (4, 6), 'part11': (7, 3), 'part12': (10, 2), 'part13': (2, 1), 'part14': (3, 2), 'part15': (9, 2), 'part16': (8, 2), 'part17': (2, 3), 'part18': (1, 2), 'part19': (1, 1), 'part20': (2, 2)} 
ENERGY: -25.516828896753193 
JUMP? False 
NEW: {'part1': (3, 4), 'part2': (6, 4), 'part3': (3, 1), 'part4': (8, 3), 'part5': (4, 4), 'part6': (8, 1), 'part7': (4, 2), 'part8': (4, 5), 'part9': (3, 3), 'part10': (4, 6), 'part11': (7, 3), 'part12': (10, 2), 'part13': (2, 1), 'part14': (3, 2), 'part15': (9, 2), 'part16': (8, 2), 'part17': (2, 3), 'part18': (1, 2), 'part19': (1, 1), 'part20': (2, 2)} 
ENERGY: -24.486197223378568 
JUMP? False 
NEW: {'part1': (3, 4), 'part2': (4, 3), 'part3': (3, 1), 'part4': (8, 3), 'part5': (4, 4), 'part6': (8, 1), 'part7': (4, 2), 'part8': (4, 5), 'part9': (3, 3), 'part10': (4, 6), 'part11': (7, 3), 'part12': (10, 2), 'part13': (2, 1), 'part14': (2, 5), 'part15': (9, 2), 'part16': (8, 2), 'part17': (2, 3), 'part18': (1, 2), 'part19': (1, 1), 'part20': (2, 2)} 
ENERGY: -23.299459720851196 
JUMP? False 
NEW: {'part1': (3, 4), 'part2': (4, 3), 'part3': (3, 1), 'part4': (8, 3), 'part5': (4, 4), 'part6': (8, 1), 'part7': (10, 4), 'part8': (4, 5), 'part9': (3, 3), 'part10': (4, 6), 'part11': (7, 3), 'part12': (10, 2), 'part13': (2, 1), 'part14': (3, 2), 'part15': (9, 2), 'part16': (8, 2), 'part17': (2, 3), 'part18': (1, 2), 'part19': (1, 1), 'part20': (2, 2)} 
ENERGY: -25.224393476842465 
JUMP? False 
NEW: {'part1': (3, 4), 'part2': (4, 3), 'part3': (9, 10), 'part4': (8, 3), 'part5': (4, 4), 'part6': (8, 1), 'part7': (4, 2), 'part8': (4, 5), 'part9': (3, 3), 'part10': (4, 6), 'part11': (7, 3), 'part12': (10, 2), 'part13': (2, 1), 'part14': (3, 2), 'part15': (9, 2), 'part16': (8, 2), 'part17': (2, 3), 'part18': (1, 2), 'part19': (1, 1), 'part20': (2, 2)} 
ENERGY: -25.16015479416364 
JUMP? False 
NEW: {'part1': (3, 4), 'part2': (4, 3), 'part3': (3, 1), 'part4': (8, 3), 'part5': (4, 4), 'part6': (8, 1), 'part7': (4, 2), 'part8': (4, 5), 'part9': (3, 3), 'part10': (6, 7), 'part11': (7, 3), 'part12': (10, 2), 'part13': (2, 1), 'part14': (3, 2), 'part15': (9, 2), 'part16': (8, 2), 'part17': (2, 3), 'part18': (1, 2), 'part19': (1, 1), 'part20': (2, 2)} 
ENERGY: -26.696433502178373 
JUMP? False 
NEW: {'part1': (3, 4), 'part2': (4, 3), 'part3': (3, 1), 'part4': (8, 3), 'part5': (4, 4), 'part6': (2, 6), 'part7': (4, 2), 'part8': (4, 5), 'part9': (3, 3), 'part10': (4, 6), 'part11': (7, 3), 'part12': (10, 2), 'part13': (2, 1), 'part14': (3, 2), 'part15': (9, 2), 'part16': (8, 2), 'part17': (2, 3), 'part18': (1, 2), 'part19': (1, 1), 'part20': (2, 2)} 
ENERGY: -26.5202702732618 
JUMP? False 
NEW: {'part1': (3, 4), 'part2': (4, 3), 'part3': (3, 1), 'part4': (8, 3), 'part5': (4, 4), 'part6': (8, 1), 'part7': (4, 2), 'part8': (4, 5), 'part9': (3, 3), 'part10': (4, 6), 'part11': (7, 3), 'part12': (10, 2), 'part13': (2, 1), 'part14': (3, 2), 'part15': (9, 2), 'part16': (8, 2), 'part17': (2, 3), 'part18': (1, 2), 'part19': (6, 1), 'part20': (2, 2)} 
ENERGY: -25.5364170083028 
JUMP? False 
NEW: {'part1': (3, 4), 'part2': (4, 3), 'part3': (3, 1), 'part4': (8, 3), 'part5': (4, 4), 'part6': (8, 1), 'part7': (4, 2), 'part8': (4, 5), 'part9': (3, 3), 'part10': (4, 6), 'part11': (3, 9), 'part12': (10, 2), 'part13': (2, 1), 'part14': (3, 2), 'part15': (9, 2), 'part16': (8, 2), 'part17': (2, 3), 'part18': (1, 2), 'part19': (1, 1), 'part20': (2, 2)} 
ENERGY: -26.469172140290183 
JUMP? False 
NEW: {'part1': (3, 4), 'part2': (4, 3), 'part3': (3, 1), 'part4': (8, 3), 'part5': (4, 4), 'part6': (8, 1), 'part7': (4, 2), 'part8': (4, 5), 'part9': (3, 3), 'part10': (4, 6), 'part11': (7, 3), 'part12': (10, 2), 'part13': (2, 1), 'part14': (3, 2), 'part15': (9, 2), 'part16': (8, 2), 'part17': (2, 3), 'part18': (1, 2), 'part19': (1, 1), 'part20': (2, 4)} 
ENERGY: -25.317051933559902 
JUMP? False 
NEW: {'part1': (3, 4), 'part2': (4, 3), 'part3': (3, 1), 'part4': (5, 10), 'part5': (4, 4), 'part6': (8, 1), 'part7': (4, 2), 'part8': (4, 5), 'part9': (3, 3), 'part10': (4, 6), 'part11': (7, 3), 'part12': (10, 2), 'part13': (2, 1), 'part14': (3, 2), 'part15': (9, 2), 'part16': (8, 2), 'part17': (2, 3), 'part18': (1, 2), 'part19': (1, 1), 'part20': (2, 2)} 
ENERGY: -25.461594676324435 
JUMP? False 
NEW: {'part1': (3, 4), 'part2': (4, 3), 'part3': (3, 1), 'part4': (8, 3), 'part5': (4, 4), 'part6': (8, 1), 'part7': (4, 2), 'part8': (4, 5), 'part9': (5, 6), 'part10': (4, 6), 'part11': (7, 3), 'part12': (10, 2), 'part13': (2, 1), 'part14': (3, 2), 'part15': (9, 2), 'part16': (8, 2), 'part17': (2, 3), 'part18': (1, 2), 'part19': (1, 1), 'part20': (2, 2)} 
ENERGY: -24.214859280831444 
JUMP? False 
NEW: {'part1': (3, 4), 'part2': (4, 3), 'part3': (3, 1), 'part4': (8, 3), 'part5': (4, 4), 'part6': (8, 1), 'part7': (4, 2), 'part8': (4, 5), 'part9': (3, 3), 'part10': (4, 6), 'part11': (7, 3), 'part12': (10, 2), 'part13': (6, 9), 'part14': (3, 2), 'part15': (9, 2), 'part16': (8, 2), 'part17': (2, 3), 'part18': (1, 2), 'part19': (1, 1), 'part20': (2, 2)} 
ENERGY: -24.207003852958632 
JUMP? False 
NEW: {'part1': (7, 2), 'part2': (4, 3), 'part3': (3, 1), 'part4': (8, 3), 'part5': (4, 4), 'part6': (8, 1), 'part7': (4, 2), 'part8': (4, 5), 'part9': (3, 3), 'part10': (4, 6), 'part11': (7, 3), 'part12': (10, 2), 'part13': (2, 1), 'part14': (3, 2), 'part15': (9, 2), 'part16': (8, 2), 'part17': (2, 3), 'part18': (1, 2), 'part19': (1, 1), 'part20': (2, 2)} 
ENERGY: -27.462651136426125 
JUMP? False 
NEW: {'part1': (3, 4), 'part2': (4, 3), 'part3': (3, 1), 'part4': (8, 3), 'part5': (4, 4), 'part6': (8, 1), 'part7': (4, 2), 'part8': (4, 5), 'part9': (3, 3), 'part10': (4, 6), 'part11': (7, 3), 'part12': (10, 2), 'part13': (2, 5), 'part14': (3, 2), 'part15': (9, 2), 'part16': (8, 2), 'part17': (2, 3), 'part18': (1, 2), 'part19': (1, 1), 'part20': (2, 2)} 
ENERGY: -24.56221791696914 
JUMP? False 
NEW: {'part1': (3, 4), 'part2': (4, 3), 'part3': (3, 1), 'part4': (8, 3), 'part5': (4, 4), 'part6': (8, 1), 'part7': (4, 2), 'part8': (4, 5), 'part9': (3, 3), 'part10': (4, 6), 'part11': (4, 8), 'part12': (10, 2), 'part13': (2, 1), 'part14': (3, 2), 'part15': (9, 2), 'part16': (8, 2), 'part17': (2, 3), 'part18': (1, 2), 'part19': (1, 1), 'part20': (2, 2)} 
ENERGY: -26.501503308307456 
JUMP? False 
NEW: {'part1': (3, 4), 'part2': (4, 3), 'part3': (3, 1), 'part4': (8, 3), 'part5': (4, 4), 'part6': (8, 1), 'part7': (4, 2), 'part8': (4, 5), 'part9': (3, 3), 'part10': (4, 6), 'part11': (1, 8), 'part12': (10, 2), 'part13': (2, 1), 'part14': (3, 2), 'part15': (9, 2), 'part16': (8, 2), 'part17': (2, 3), 'part18': (1, 2), 'part19': (1, 1), 'part20': (2, 2)} 
ENERGY: -26.46837004119115 
JUMP? False 
NEW: {'part1': (4, 10), 'part2': (4, 3), 'part3': (3, 1), 'part4': (8, 3), 'part5': (4, 4), 'part6': (8, 1), 'part7': (4, 2), 'part8': (4, 5), 'part9': (3, 3), 'part10': (4, 6), 'part11': (7, 3), 'part12': (10, 2), 'part13': (2, 1), 'part14': (3, 2), 'part15': (9, 2), 'part16': (8, 2), 'part17': (2, 3), 'part18': (1, 2), 'part19': (1, 1), 'part20': (2, 2)} 
ENERGY: -24.95306093564891 
JUMP? False 
NEW: {'part1': (3, 4), 'part2': (4, 3), 'part3': (3, 1), 'part4': (8, 3), 'part5': (4, 4), 'part6': (8, 1), 'part7': (4, 2), 'part8': (4, 5), 'part9': (3, 3), 'part10': (4, 6), 'part11': (7, 3), 'part12': (10, 2), 'part13': (2, 1), 'part14': (3, 2), 'part15': (9, 2), 'part16': (6, 7), 'part17': (2, 3), 'part18': (1, 2), 'part19': (1, 1), 'part20': (2, 2)} 
ENERGY: -24.49969631284918 
JUMP? False 
NEW: {'part1': (3, 4), 'part2': (4, 3), 'part3': (3, 5), 'part4': (8, 3), 'part5': (4, 4), 'part6': (8, 1), 'part7': (4, 2), 'part8': (4, 5), 'part9': (3, 3), 'part10': (4, 6), 'part11': (7, 3), 'part12': (10, 2), 'part13': (2, 1), 'part14': (3, 2), 'part15': (9, 2), 'part16': (8, 2), 'part17': (2, 3), 'part18': (1, 2), 'part19': (1, 1), 'part20': (2, 2)} 
ENERGY: -27.700400957047897 
JUMP? False 
NEW: {'part1': (3, 4), 'part2': (5, 9), 'part3': (3, 1), 'part4': (8, 3), 'part5': (4, 4), 'part6': (8, 1), 'part7': (4, 2), 'part8': (4, 5), 'part9': (3, 3), 'part10': (4, 6), 'part11': (7, 3), 'part12': (10, 2), 'part13': (2, 1), 'part14': (3, 2), 'part15': (9, 2), 'part16': (8, 2), 'part17': (2, 3), 'part18': (1, 2), 'part19': (1, 1), 'part20': (2, 2)} 
ENERGY: -24.171052925048798 
JUMP? False 
NEW: {'part1': (3, 4), 'part2': (4, 3), 'part3': (3, 1), 'part4': (8, 3), 'part5': (4, 4), 'part6': (8, 1), 'part7': (4, 2), 'part8': (4, 5), 'part9': (3, 3), 'part10': (4, 6), 'part11': (7, 3), 'part12': (10, 2), 'part13': (2, 1), 'part14': (3, 2), 'part15': (9, 2), 'part16': (8, 2), 'part17': (2, 3), 'part18': (6, 5), 'part19': (1, 1), 'part20': (2, 2)} 
ENERGY: -25.295738078447847 
JUMP? False 
NEW: {'part1': (3, 4), 'part2': (4, 3), 'part3': (3, 1), 'part4': (8, 3), 'part5': (4, 4), 'part6': (8, 1), 'part7': (4, 2), 'part8': (4, 5), 'part9': (3, 3), 'part10': (4, 6), 'part11': (7, 6), 'part12': (10, 2), 'part13': (2, 1), 'part14': (3, 2), 'part15': (9, 2), 'part16': (8, 2), 'part17': (2, 3), 'part18': (1, 2), 'part19': (1, 1), 'part20': (2, 2)} 
ENERGY: -26.47590323263349 
JUMP? False 
NEW: {'part1': (3, 4), 'part2': (4, 3), 'part3': (3, 1), 'part4': (8, 3), 'part5': (4, 4), 'part6': (8, 1), 'part7': (4, 2), 'part8': (4, 5), 'part9': (3, 3), 'part10': (4, 6), 'part11': (7, 3), 'part12': (10, 2), 'part13': (2, 6), 'part14': (3, 2), 'part15': (9, 2), 'part16': (8, 2), 'part17': (2, 3), 'part18': (1, 2), 'part19': (1, 1), 'part20': (2, 2)} 
ENERGY: -24.279809575401355 
JUMP? False 
NEW: {'part1': (3, 4), 'part2': (4, 3), 'part3': (3, 1), 'part4': (8, 3), 'part5': (4, 4), 'part6': (8, 1), 'part7': (4, 2), 'part8': (4, 5), 'part9': (3, 3), 'part10': (4, 6), 'part11': (7, 3), 'part12': (10, 2), 'part13': (8, 10), 'part14': (3, 2), 'part15': (9, 2), 'part16': (8, 2), 'part17': (2, 3), 'part18': (1, 2), 'part19': (1, 1), 'part20': (2, 2)} 
ENERGY: -24.205690807577678 
JUMP? False 
NEW: {'part1': (3, 4), 'part2': (4, 3), 'part3': (3, 1), 'part4': (8, 3), 'part5': (4, 4), 'part6': (8, 1), 'part7': (4, 2), 'part8': (4, 5), 'part9': (3, 3), 'part10': (4, 6), 'part11': (7, 3), 'part12': (10, 2), 'part13': (2, 6), 'part14': (3, 2), 'part15': (9, 2), 'part16': (8, 2), 'part17': (2, 3), 'part18': (1, 2), 'part19': (1, 1), 'part20': (2, 2)} 
ENERGY: -24.279809575401355 
JUMP? False 
NEW: {'part1': (3, 4), 'part2': (4, 3), 'part3': (3, 1), 'part4': (8, 3), 'part5': (4, 4), 'part6': (8, 1), 'part7': (4, 2), 'part8': (4, 5), 'part9': (3, 3), 'part10': (4, 6), 'part11': (7, 3), 'part12': (10, 2), 'part13': (2, 1), 'part14': (3, 2), 'part15': (9, 2), 'part16': (8, 2), 'part17': (2, 3), 'part18': (1, 2), 'part19': (1, 1), 'part20': (6, 1)} 
ENERGY: -23.070396406085546 
JUMP? False 
NEW: {'part1': (3, 4), 'part2': (4, 3), 'part3': (3, 1), 'part4': (8, 3), 'part5': (4, 4), 'part6': (8, 1), 'part7': (4, 2), 'part8': (4, 5), 'part9': (3, 3), 'part10': (4, 6), 'part11': (7, 3), 'part12': (10, 2), 'part13': (2, 1), 'part14': (4, 10), 'part15': (9, 2), 'part16': (8, 2), 'part17': (2, 3), 'part18': (1, 2), 'part19': (1, 1), 'part20': (2, 2)} 
ENERGY: -22.945046304374436 
JUMP? False 
NEW: {'part1': (3, 4), 'part2': (4, 3), 'part3': (3, 1), 'part4': (8, 3), 'part5': (4, 4), 'part6': (8, 1), 'part7': (4, 2), 'part8': (4, 5), 'part9': (3, 3), 'part10': (4, 6), 'part11': (7, 3), 'part12': (10, 2), 'part13': (2, 1), 'part14': (3, 2), 'part15': (9, 2), 'part16': (4, 8), 'part17': (2, 3), 'part18': (1, 2), 'part19': (1, 1), 'part20': (2, 2)} 
ENERGY: -24.512417887646926 
JUMP? False 
NEW: {'part1': (3, 4), 'part2': (8, 8), 'part3': (3, 1), 'part4': (8, 3), 'part5': (4, 4), 'part6': (8, 1), 'part7': (4, 2), 'part8': (4, 5), 'part9': (3, 3), 'part10': (4, 6), 'part11': (7, 3), 'part12': (10, 2), 'part13': (2, 1), 'part14': (3, 2), 'part15': (9, 2), 'part16': (8, 2), 'part17': (2, 3), 'part18': (1, 2), 'part19': (1, 1), 'part20': (2, 2)} 
ENERGY: -24.16916190463263 
JUMP? False 
NEW: {'part1': (3, 4), 'part2': (4, 3), 'part3': (3, 1), 'part4': (8, 3), 'part5': (4, 4), 'part6': (8, 1), 'part7': (1, 7), 'part8': (4, 5), 'part9': (3, 3), 'part10': (4, 6), 'part11': (7, 3), 'part12': (10, 2), 'part13': (2, 1), 'part14': (3, 2), 'part15': (9, 2), 'part16': (8, 2), 'part17': (2, 3), 'part18': (1, 2), 'part19': (1, 1), 'part20': (2, 2)} 
ENERGY: -25.15988816292623 
JUMP? False 
NEW: {'part1': (6, 5), 'part2': (4, 3), 'part3': (3, 1), 'part4': (8, 3), 'part5': (4, 4), 'part6': (8, 1), 'part7': (4, 2), 'part8': (4, 5), 'part9': (3, 3), 'part10': (4, 6), 'part11': (7, 3), 'part12': (10, 2), 'part13': (2, 1), 'part14': (3, 2), 'part15': (9, 2), 'part16': (8, 2), 'part17': (2, 3), 'part18': (1, 2), 'part19': (1, 1), 'part20': (2, 2)} 
ENERGY: -25.043350891123357 
JUMP? False 
NEW: {'part1': (3, 4), 'part2': (4, 3), 'part3': (3, 1), 'part4': (8, 3), 'part5': (4, 4), 'part6': (8, 1), 'part7': (4, 2), 'part8': (4, 5), 'part9': (3, 3), 'part10': (9, 8), 'part11': (7, 3), 'part12': (10, 2), 'part13': (2, 1), 'part14': (3, 2), 'part15': (9, 2), 'part16': (8, 2), 'part17': (2, 3), 'part18': (1, 2), 'part19': (1, 1), 'part20': (2, 2)} 
ENERGY: -26.69024963211493 
JUMP? False 
NEW: {'part1': (3, 4), 'part2': (4, 3), 'part3': (3, 1), 'part4': (9, 4), 'part5': (4, 4), 'part6': (8, 1), 'part7': (4, 2), 'part8': (4, 5), 'part9': (3, 3), 'part10': (4, 6), 'part11': (7, 3), 'part12': (10, 2), 'part13': (2, 1), 'part14': (3, 2), 'part15': (9, 2), 'part16': (8, 2), 'part17': (2, 3), 'part18': (1, 2), 'part19': (1, 1), 'part20': (2, 2)} 
ENERGY: -25.542423807770867 
JUMP? False 
NEW: {'part1': (3, 4), 'part2': (4, 3), 'part3': (8, 7), 'part4': (8, 3), 'part5': (4, 4), 'part6': (8, 1), 'part7': (4, 2), 'part8': (4, 5), 'part9': (3, 3), 'part10': (4, 6), 'part11': (7, 3), 'part12': (10, 2), 'part13': (2, 1), 'part14': (3, 2), 'part15': (9, 2), 'part16': (8, 2), 'part17': (2, 3), 'part18': (1, 2), 'part19': (1, 1), 'part20': (2, 2)} 
ENERGY: -25.162290774448614 
JUMP? False 
NEW: {'part1': (7, 2), 'part2': (4, 3), 'part3': (3, 1), 'part4': (8, 3), 'part5': (4, 4), 'part6': (8, 1), 'part7': (4, 2), 'part8': (4, 5), 'part9': (3, 3), 'part10': (4, 6), 'part11': (7, 3), 'part12': (10, 2), 'part13': (2, 1), 'part14': (3, 2), 'part15': (9, 2), 'part16': (8, 2), 'part17': (2, 3), 'part18': (1, 2), 'part19': (1, 1), 'part20': (2, 2)} 
ENERGY: -27.462651136426125 
JUMP? False 
NEW: {'part1': (3, 4), 'part2': (4, 3), 'part3': (3, 1), 'part4': (8, 3), 'part5': (4, 4), 'part6': (8, 1), 'part7': (4, 2), 'part8': (4, 5), 'part9': (3, 3), 'part10': (6, 3), 'part11': (7, 3), 'part12': (10, 2), 'part13': (2, 1), 'part14': (3, 2), 'part15': (9, 2), 'part16': (8, 2), 'part17': (2, 3), 'part18': (1, 2), 'part19': (1, 1), 'part20': (2, 2)} 
ENERGY: -27.818787579170547 
JUMP? True 
NEW: {'part1': (3, 4), 'part2': (4, 3), 'part3': (3, 1), 'part4': (8, 3), 'part5': (4, 4), 'part6': (8, 1), 'part7': (4, 2), 'part8': (4, 5), 'part9': (3, 3), 'part10': (6, 3), 'part11': (5, 2), 'part12': (10, 2), 'part13': (2, 1), 'part14': (3, 2), 'part15': (9, 2), 'part16': (8, 2), 'part17': (2, 3), 'part18': (1, 2), 'part19': (1, 1), 'part20': (2, 2)} 
ENERGY: -27.109401543658812 
JUMP? False 
NEW: {'part1': (3, 4), 'part2': (4, 3), 'part3': (3, 1), 'part4': (9, 4), 'part5': (4, 4), 'part6': (8, 1), 'part7': (4, 2), 'part8': (4, 5), 'part9': (3, 3), 'part10': (6, 3), 'part11': (7, 3), 'part12': (10, 2), 'part13': (2, 1), 'part14': (3, 2), 'part15': (9, 2), 'part16': (8, 2), 'part17': (2, 3), 'part18': (1, 2), 'part19': (1, 1), 'part20': (2, 2)} 
ENERGY: -25.587767721558045 
JUMP? False 
NEW: {'part1': (3, 4), 'part2': (4, 3), 'part3': (3, 1), 'part4': (8, 3), 'part5': (4, 4), 'part6': (8, 1), 'part7': (4, 2), 'part8': (4, 5), 'part9': (3, 3), 'part10': (6, 3), 'part11': (7, 3), 'part12': (10, 2), 'part13': (2, 1), 'part14': (3, 2), 'part15': (9, 8), 'part16': (8, 2), 'part17': (2, 3), 'part18': (1, 2), 'part19': (1, 1), 'part20': (2, 2)} 
ENERGY: -25.33200175880092 
JUMP? False 
NEW: {'part1': (3, 4), 'part2': (4, 3), 'part3': (3, 1), 'part4': (8, 3), 'part5': (4, 4), 'part6': (8, 1), 'part7': (4, 2), 'part8': (3, 7), 'part9': (3, 3), 'part10': (6, 3), 'part11': (7, 3), 'part12': (10, 2), 'part13': (2, 1), 'part14': (3, 2), 'part15': (9, 2), 'part16': (8, 2), 'part17': (2, 3), 'part18': (1, 2), 'part19': (1, 1), 'part20': (2, 2)} 
ENERGY: -26.52831538979964 
JUMP? False 
NEW: {'part1': (2, 4), 'part2': (4, 3), 'part3': (3, 1), 'part4': (8, 3), 'part5': (4, 4), 'part6': (8, 1), 'part7': (4, 2), 'part8': (4, 5), 'part9': (3, 3), 'part10': (6, 3), 'part11': (7, 3), 'part12': (10, 2), 'part13': (2, 1), 'part14': (3, 2), 'part15': (9, 2), 'part16': (8, 2), 'part17': (2, 3), 'part18': (1, 2), 'part19': (1, 1), 'part20': (2, 2)} 
ENERGY: -26.411939504869995 
JUMP? False 
NEW: {'part1': (3, 4), 'part2': (4, 3), 'part3': (3, 1), 'part4': (8, 3), 'part5': (4, 4), 'part6': (8, 1), 'part7': (4, 2), 'part8': (4, 5), 'part9': (3, 3), 'part10': (6, 3), 'part11': (7, 3), 'part12': (10, 2), 'part13': (2, 1), 'part14': (5, 1), 'part15': (9, 2), 'part16': (8, 2), 'part17': (2, 3), 'part18': (1, 2), 'part19': (1, 1), 'part20': (2, 2)} 
ENERGY: -23.33804897294509 
JUMP? False 
NEW: {'part1': (3, 4), 'part2': (4, 3), 'part3': (3, 1), 'part4': (8, 3), 'part5': (4, 4), 'part6': (8, 1), 'part7': (4, 2), 'part8': (4, 5), 'part9': (3, 3), 'part10': (6, 3), 'part11': (7, 3), 'part12': (10, 2), 'part13': (2, 1), 'part14': (3, 2), 'part15': (9, 2), 'part16': (8, 2), 'part17': (2, 3), 'part18': (1, 10), 'part19': (1, 1), 'part20': (2, 2)} 
ENERGY: -25.277236439959886 
JUMP? False 
NEW: {'part1': (3, 4), 'part2': (4, 3), 'part3': (3, 1), 'part4': (8, 3), 'part5': (4, 4), 'part6': (8, 1), 'part7': (4, 2), 'part8': (4, 5), 'part9': (3, 3), 'part10': (6, 3), 'part11': (7, 3), 'part12': (10, 2), 'part13': (2, 1), 'part14': (1, 7), 'part15': (9, 2), 'part16': (8, 2), 'part17': (2, 3), 'part18': (1, 2), 'part19': (1, 1), 'part20': (2, 2)} 
ENERGY: -23.020374635602295 
JUMP? False 
NEW: {'part1': (3, 4), 'part2': (4, 3), 'part3': (3, 1), 'part4': (8, 3), 'part5': (4, 4), 'part6': (8, 1), 'part7': (4, 2), 'part8': (4, 5), 'part9': (4, 9), 'part10': (6, 3), 'part11': (7, 3), 'part12': (10, 2), 'part13': (2, 1), 'part14': (3, 2), 'part15': (9, 2), 'part16': (8, 2), 'part17': (2, 3), 'part18': (1, 2), 'part19': (1, 1), 'part20': (2, 2)} 
ENERGY: -23.030302175786076 
JUMP? False 
NEW: {'part1': (3, 4), 'part2': (4, 3), 'part3': (3, 1), 'part4': (8, 3), 'part5': (4, 4), 'part6': (8, 1), 'part7': (4, 2), 'part8': (4, 5), 'part9': (3, 3), 'part10': (8, 7), 'part11': (7, 3), 'part12': (10, 2), 'part13': (2, 1), 'part14': (3, 2), 'part15': (9, 2), 'part16': (8, 2), 'part17': (2, 3), 'part18': (1, 2), 'part19': (1, 1), 'part20': (2, 2)} 
ENERGY: -26.691637191590658 
JUMP? False 
NEW: {'part1': (5, 3), 'part2': (4, 3), 'part3': (3, 1), 'part4': (8, 3), 'part5': (4, 4), 'part6': (8, 1), 'part7': (4, 2), 'part8': (4, 5), 'part9': (3, 3), 'part10': (6, 3), 'part11': (7, 3), 'part12': (10, 2), 'part13': (2, 1), 'part14': (3, 2), 'part15': (9, 2), 'part16': (8, 2), 'part17': (2, 3), 'part18': (1, 2), 'part19': (1, 1), 'part20': (2, 2)} 
ENERGY: -27.61954927249146 
JUMP? False 
NEW: {'part1': (1, 10), 'part2': (4, 3), 'part3': (3, 1), 'part4': (8, 3), 'part5': (4, 4), 'part6': (8, 1), 'part7': (4, 2), 'part8': (4, 5), 'part9': (3, 3), 'part10': (6, 3), 'part11': (7, 3), 'part12': (10, 2), 'part13': (2, 1), 'part14': (3, 2), 'part15': (9, 2), 'part16': (8, 2), 'part17': (2, 3), 'part18': (1, 2), 'part19': (1, 1), 'part20': (2, 2)} 
ENERGY: -25.04069656985438 
JUMP? False 
NEW: {'part1': (3, 4), 'part2': (4, 3), 'part3': (3, 1), 'part4': (8, 3), 'part5': (4, 4), 'part6': (8, 1), 'part7': (4, 2), 'part8': (4, 5), 'part9': (3, 3), 'part10': (6, 3), 'part11': (7, 3), 'part12': (10, 2), 'part13': (2, 1), 'part14': (3, 2), 'part15': (8, 4), 'part16': (8, 2), 'part17': (2, 3), 'part18': (1, 2), 'part19': (1, 1), 'part20': (2, 2)} 
ENERGY: -26.621514790915064 
JUMP? False 
NEW: {'part1': (3, 4), 'part2': (4, 3), 'part3': (3, 1), 'part4': (8, 3), 'part5': (4, 4), 'part6': (8, 1), 'part7': (10, 4), 'part8': (4, 5), 'part9': (3, 3), 'part10': (6, 3), 'part11': (7, 3), 'part12': (10, 2), 'part13': (2, 1), 'part14': (3, 2), 'part15': (9, 2), 'part16': (8, 2), 'part17': (2, 3), 'part18': (1, 2), 'part19': (1, 1), 'part20': (2, 2)} 
ENERGY: -25.283626296335004 
JUMP? False 
NEW: {'part1': (3, 4), 'part2': (4, 3), 'part3': (3, 1), 'part4': (8, 3), 'part5': (4, 4), 'part6': (8, 1), 'part7': (4, 2), 'part8': (4, 5), 'part9': (3, 3), 'part10': (6, 3), 'part11': (7, 3), 'part12': (10, 2), 'part13': (2, 1), 'part14': (3, 2), 'part15': (9, 2), 'part16': (8, 2), 'part17': (2, 3), 'part18': (1, 2), 'part19': (5, 7), 'part20': (2, 2)} 
ENERGY: -25.534032938154887 
JUMP? False 
NEW: {'part1': (3, 4), 'part2': (4, 3), 'part3': (3, 1), 'part4': (9, 4), 'part5': (4, 4), 'part6': (8, 1), 'part7': (4, 2), 'part8': (4, 5), 'part9': (3, 3), 'part10': (6, 3), 'part11': (7, 3), 'part12': (10, 2), 'part13': (2, 1), 'part14': (3, 2), 'part15': (9, 2), 'part16': (8, 2), 'part17': (2, 3), 'part18': (1, 2), 'part19': (1, 1), 'part20': (2, 2)} 
ENERGY: -25.587767721558045 
JUMP? False 
NEW: {'part1': (3, 4), 'part2': (4, 3), 'part3': (3, 1), 'part4': (8, 3), 'part5': (4, 4), 'part6': (8, 1), 'part7': (4, 2), 'part8': (4, 5), 'part9': (3, 3), 'part10': (6, 3), 'part11': (7, 3), 'part12': (10, 2), 'part13': (2, 1), 'part14': (3, 2), 'part15': (9, 2), 'part16': (8, 2), 'part17': (10, 1), 'part18': (1, 2), 'part19': (1, 1), 'part20': (2, 2)} 
ENERGY: -26.271815642811546 
JUMP? False 
NEW: {'part1': (3, 4), 'part2': (4, 3), 'part3': (3, 1), 'part4': (8, 3), 'part5': (4, 4), 'part6': (8, 7), 'part7': (4, 2), 'part8': (4, 5), 'part9': (3, 3), 'part10': (6, 3), 'part11': (7, 3), 'part12': (10, 2), 'part13': (2, 1), 'part14': (3, 2), 'part15': (9, 2), 'part16': (8, 2), 'part17': (2, 3), 'part18': (1, 2), 'part19': (1, 1), 'part20': (2, 2)} 
ENERGY: -26.518342784813562 
JUMP? False 
NEW: {'part1': (3, 4), 'part2': (4, 3), 'part3': (3, 1), 'part4': (8, 3), 'part5': (4, 4), 'part6': (8, 1), 'part7': (4, 2), 'part8': (4, 5), 'part9': (3, 3), 'part10': (6, 3), 'part11': (7, 3), 'part12': (10, 2), 'part13': (4, 10), 'part14': (3, 2), 'part15': (9, 2), 'part16': (8, 2), 'part17': (2, 3), 'part18': (1, 2), 'part19': (1, 1), 'part20': (2, 2)} 
ENERGY: -24.27995980865797 
JUMP? False 
NEW: {'part1': (3, 4), 'part2': (4, 3), 'part3': (3, 1), 'part4': (2, 10), 'part5': (4, 4), 'part6': (8, 1), 'part7': (4, 2), 'part8': (4, 5), 'part9': (3, 3), 'part10': (6, 3), 'part11': (7, 3), 'part12': (10, 2), 'part13': (2, 1), 'part14': (3, 2), 'part15': (9, 2), 'part16': (8, 2), 'part17': (2, 3), 'part18': (1, 2), 'part19': (1, 1), 'part20': (2, 2)} 
ENERGY: -25.50458794576908 
JUMP? False 
NEW: {'part1': (3, 4), 'part2': (4, 3), 'part3': (3, 1), 'part4': (8, 3), 'part5': (4, 4), 'part6': (8, 1), 'part7': (1, 5), 'part8': (4, 5), 'part9': (3, 3), 'part10': (6, 3), 'part11': (7, 3), 'part12': (10, 2), 'part13': (2, 1), 'part14': (3, 2), 'part15': (9, 2), 'part16': (8, 2), 'part17': (2, 3), 'part18': (1, 2), 'part19': (1, 1), 'part20': (2, 2)} 
ENERGY: -25.26169973297746 
JUMP? False 
NEW: {'part1': (3, 4), 'part2': (4, 3), 'part3': (7, 10), 'part4': (8, 3), 'part5': (4, 4), 'part6': (8, 1), 'part7': (4, 2), 'part8': (4, 5), 'part9': (3, 3), 'part10': (6, 3), 'part11': (7, 3), 'part12': (10, 2), 'part13': (2, 1), 'part14': (3, 2), 'part15': (9, 2), 'part16': (8, 2), 'part17': (2, 3), 'part18': (1, 2), 'part19': (1, 1), 'part20': (2, 2)} 
ENERGY: -25.233727534818065 
JUMP? False 
NEW: {'part1': (3, 4), 'part2': (4, 3), 'part3': (3, 1), 'part4': (8, 3), 'part5': (4, 4), 'part6': (8, 1), 'part7': (4, 2), 'part8': (4, 5), 'part9': (3, 3), 'part10': (6, 3), 'part11': (5, 5), 'part12': (10, 2), 'part13': (2, 1), 'part14': (3, 2), 'part15': (9, 2), 'part16': (8, 2), 'part17': (2, 3), 'part18': (1, 2), 'part19': (1, 1), 'part20': (2, 2)} 
ENERGY: -26.83331957874894 
JUMP? False 
NEW: {'part1': (3, 4), 'part2': (4, 3), 'part3': (3, 1), 'part4': (8, 3), 'part5': (4, 4), 'part6': (8, 1), 'part7': (4, 2), 'part8': (4, 5), 'part9': (3, 3), 'part10': (6, 3), 'part11': (7, 3), 'part12': (10, 2), 'part13': (2, 1), 'part14': (3, 2), 'part15': (9, 2), 'part16': (2, 5), 'part17': (2, 3), 'part18': (1, 2), 'part19': (1, 1), 'part20': (2, 2)} 
ENERGY: -24.87711121637969 
JUMP? False 
NEW: {'part1': (3, 4), 'part2': (4, 3), 'part3': (3, 1), 'part4': (8, 3), 'part5': (4, 4), 'part6': (8, 1), 'part7': (4, 2), 'part8': (4, 5), 'part9': (3, 3), 'part10': (6, 3), 'part11': (7, 3), 'part12': (10, 2), 'part13': (10, 10), 'part14': (3, 2), 'part15': (9, 2), 'part16': (8, 2), 'part17': (2, 3), 'part18': (1, 2), 'part19': (1, 1), 'part20': (2, 2)} 
ENERGY: -24.279714409088413 
JUMP? False 
NEW: {'part1': (3, 4), 'part2': (4, 3), 'part3': (3, 9), 'part4': (8, 3), 'part5': (4, 4), 'part6': (8, 1), 'part7': (4, 2), 'part8': (4, 5), 'part9': (3, 3), 'part10': (6, 3), 'part11': (7, 3), 'part12': (10, 2), 'part13': (2, 1), 'part14': (3, 2), 'part15': (9, 2), 'part16': (8, 2), 'part17': (2, 3), 'part18': (1, 2), 'part19': (1, 1), 'part20': (2, 2)} 
ENERGY: -25.234434661557174 
JUMP? False 
NEW: {'part1': (3, 4), 'part2': (4, 3), 'part3': (3, 1), 'part4': (8, 3), 'part5': (4, 4), 'part6': (8, 1), 'part7': (4, 2), 'part8': (4, 5), 'part9': (3, 3), 'part10': (6, 3), 'part11': (7, 3), 'part12': (1, 3), 'part13': (2, 1), 'part14': (3, 2), 'part15': (9, 2), 'part16': (8, 2), 'part17': (2, 3), 'part18': (1, 2), 'part19': (1, 1), 'part20': (2, 2)} 
ENERGY: -29.109248092581367 
JUMP? True 
NEW: {'part1': (3, 4), 'part2': (4, 3), 'part3': (3, 1), 'part4': (8, 3), 'part5': (4, 4), 'part6': (8, 1), 'part7': (4, 2), 'part8': (4, 5), 'part9': (3, 3), 'part10': (6, 3), 'part11': (7, 3), 'part12': (1, 3), 'part13': (2, 1), 'part14': (3, 2), 'part15': (9, 2), 'part16': (8, 2), 'part17': (4, 1), 'part18': (1, 2), 'part19': (1, 1), 'part20': (2, 2)} 
ENERGY: -27.620928120580515 
JUMP? False 
NEW: {'part1': (3, 4), 'part2': (4, 3), 'part3': (3, 1), 'part4': (8, 3), 'part5': (4, 4), 'part6': (8, 1), 'part7': (4, 2), 'part8': (4, 5), 'part9': (7, 5), 'part10': (6, 3), 'part11': (7, 3), 'part12': (1, 3), 'part13': (2, 1), 'part14': (3, 2), 'part15': (9, 2), 'part16': (8, 2), 'part17': (2, 3), 'part18': (1, 2), 'part19': (1, 1), 'part20': (2, 2)} 
ENERGY: -24.36181957364789 
JUMP? False 
NEW: {'part1': (3, 4), 'part2': (4, 3), 'part3': (6, 4), 'part4': (8, 3), 'part5': (4, 4), 'part6': (8, 1), 'part7': (4, 2), 'part8': (4, 5), 'part9': (3, 3), 'part10': (6, 3), 'part11': (7, 3), 'part12': (1, 3), 'part13': (2, 1), 'part14': (3, 2), 'part15': (9, 2), 'part16': (8, 2), 'part17': (2, 3), 'part18': (1, 2), 'part19': (1, 1), 'part20': (2, 2)} 
ENERGY: -27.84960085675492 
JUMP? False 
NEW: {'part1': (3, 4), 'part2': (4, 3), 'part3': (3, 1), 'part4': (8, 3), 'part5': (4, 4), 'part6': (8, 1), 'part7': (4, 2), 'part8': (4, 5), 'part9': (3, 3), 'part10': (6, 3), 'part11': (7, 3), 'part12': (1, 3), 'part13': (2, 1), 'part14': (3, 2), 'part15': (9, 2), 'part16': (8, 2), 'part17': (2, 3), 'part18': (1, 2), 'part19': (1, 1), 'part20': (6, 6)} 
ENERGY: -24.13219035792219 
JUMP? False 
NEW: {'part1': (3, 4), 'part2': (4, 3), 'part3': (3, 1), 'part4': (8, 3), 'part5': (4, 4), 'part6': (8, 1), 'part7': (4, 2), 'part8': (4, 5), 'part9': (3, 3), 'part10': (6, 3), 'part11': (7, 3), 'part12': (1, 3), 'part13': (9, 7), 'part14': (3, 2), 'part15': (9, 2), 'part16': (8, 2), 'part17': (2, 3), 'part18': (1, 2), 'part19': (1, 1), 'part20': (2, 2)} 
ENERGY: -25.5554756090893 
JUMP? False 
NEW: {'part1': (3, 4), 'part2': (8, 5), 'part3': (3, 1), 'part4': (8, 3), 'part5': (4, 4), 'part6': (8, 1), 'part7': (4, 2), 'part8': (4, 5), 'part9': (3, 3), 'part10': (6, 3), 'part11': (7, 3), 'part12': (1, 3), 'part13': (2, 1), 'part14': (3, 2), 'part15': (9, 2), 'part16': (8, 2), 'part17': (2, 3), 'part18': (1, 2), 'part19': (1, 1), 'part20': (2, 2)} 
ENERGY: -25.55952419041384 
JUMP? False 
NEW: {'part1': (3, 4), 'part2': (4, 3), 'part3': (3, 1), 'part4': (8, 3), 'part5': (4, 4), 'part6': (8, 1), 'part7': (4, 2), 'part8': (4, 5), 'part9': (8, 7), 'part10': (6, 3), 'part11': (7, 3), 'part12': (1, 3), 'part13': (2, 1), 'part14': (3, 2), 'part15': (9, 2), 'part16': (8, 2), 'part17': (2, 3), 'part18': (1, 2), 'part19': (1, 1), 'part20': (2, 2)} 
ENERGY: -24.29082387632378 
JUMP? False 
NEW: {'part1': (3, 4), 'part2': (4, 3), 'part3': (3, 1), 'part4': (8, 3), 'part5': (4, 4), 'part6': (1, 6), 'part7': (4, 2), 'part8': (4, 5), 'part9': (3, 3), 'part10': (6, 3), 'part11': (7, 3), 'part12': (1, 3), 'part13': (2, 1), 'part14': (3, 2), 'part15': (9, 2), 'part16': (8, 2), 'part17': (2, 3), 'part18': (1, 2), 'part19': (1, 1), 'part20': (2, 2)} 
ENERGY: -27.83714404672113 
JUMP? False 
